Archive member included to satisfy reference by file (symbol)

/opt/riscv/lib/gcc/riscv64-unknown-elf/12.2.0/rv32imac/ilp32/libgcc.a(_clzsi2.o)
                              build//home/aaron/FreeRTOS-Briey-cs-latency/FreeRTOS/Source/tasks.o (__clzsi2)
/opt/riscv/lib/gcc/riscv64-unknown-elf/12.2.0/rv32imac/ilp32/libgcc.a(_clz.o)
                              /opt/riscv/lib/gcc/riscv64-unknown-elf/12.2.0/rv32imac/ilp32/libgcc.a(_clzsi2.o) (__clz_tab)
/opt/riscv/lib/gcc/riscv64-unknown-elf/12.2.0/../../../../riscv64-unknown-elf/lib/rv32imac/ilp32/libc.a(lib_a-memcpy.o)
                              build//home/aaron/FreeRTOS-Briey-cs-latency/FreeRTOS/Source/queue.o (memcpy)
/opt/riscv/lib/gcc/riscv64-unknown-elf/12.2.0/../../../../riscv64-unknown-elf/lib/rv32imac/ilp32/libc.a(lib_a-memset.o)
                              build//home/aaron/FreeRTOS-Briey-cs-latency/FreeRTOS/Source/stream_buffer.o (memset)
/opt/riscv/lib/gcc/riscv64-unknown-elf/12.2.0/../../../../riscv64-unknown-elf/lib/rv32imac/ilp32/libc.a(lib_a-sprintf.o)
                              build/main_blinky.o (sprintf)
/opt/riscv/lib/gcc/riscv64-unknown-elf/12.2.0/../../../../riscv64-unknown-elf/lib/rv32imac/ilp32/libc.a(lib_a-strcmp.o)
                              build//home/aaron/FreeRTOS-Briey-cs-latency/FreeRTOS/Demo/Common/Minimal/TimerDemo.o (strcmp)
/opt/riscv/lib/gcc/riscv64-unknown-elf/12.2.0/../../../../riscv64-unknown-elf/lib/rv32imac/ilp32/libc.a(lib_a-strlen.o)
                              build/riscv-briey.o (strlen)
/opt/riscv/lib/gcc/riscv64-unknown-elf/12.2.0/../../../../riscv64-unknown-elf/lib/rv32imac/ilp32/libc.a(lib_a-svfprintf.o)
                              /opt/riscv/lib/gcc/riscv64-unknown-elf/12.2.0/../../../../riscv64-unknown-elf/lib/rv32imac/ilp32/libc.a(lib_a-sprintf.o) (_svfprintf_r)
/opt/riscv/lib/gcc/riscv64-unknown-elf/12.2.0/../../../../riscv64-unknown-elf/lib/rv32imac/ilp32/libc.a(lib_a-freer.o)
                              /opt/riscv/lib/gcc/riscv64-unknown-elf/12.2.0/../../../../riscv64-unknown-elf/lib/rv32imac/ilp32/libc.a(lib_a-svfprintf.o) (_free_r)
/opt/riscv/lib/gcc/riscv64-unknown-elf/12.2.0/../../../../riscv64-unknown-elf/lib/rv32imac/ilp32/libc.a(lib_a-impure.o)
                              /opt/riscv/lib/gcc/riscv64-unknown-elf/12.2.0/../../../../riscv64-unknown-elf/lib/rv32imac/ilp32/libc.a(lib_a-sprintf.o) (_impure_ptr)
/opt/riscv/lib/gcc/riscv64-unknown-elf/12.2.0/../../../../riscv64-unknown-elf/lib/rv32imac/ilp32/libc.a(lib_a-ldtoa.o)
                              /opt/riscv/lib/gcc/riscv64-unknown-elf/12.2.0/../../../../riscv64-unknown-elf/lib/rv32imac/ilp32/libc.a(lib_a-svfprintf.o) (_ldtoa_r)
/opt/riscv/lib/gcc/riscv64-unknown-elf/12.2.0/../../../../riscv64-unknown-elf/lib/rv32imac/ilp32/libc.a(lib_a-localeconv.o)
                              /opt/riscv/lib/gcc/riscv64-unknown-elf/12.2.0/../../../../riscv64-unknown-elf/lib/rv32imac/ilp32/libc.a(lib_a-svfprintf.o) (_localeconv_r)
/opt/riscv/lib/gcc/riscv64-unknown-elf/12.2.0/../../../../riscv64-unknown-elf/lib/rv32imac/ilp32/libc.a(lib_a-locale.o)
                              /opt/riscv/lib/gcc/riscv64-unknown-elf/12.2.0/../../../../riscv64-unknown-elf/lib/rv32imac/ilp32/libc.a(lib_a-localeconv.o) (__global_locale)
/opt/riscv/lib/gcc/riscv64-unknown-elf/12.2.0/../../../../riscv64-unknown-elf/lib/rv32imac/ilp32/libc.a(lib_a-mallocr.o)
                              /opt/riscv/lib/gcc/riscv64-unknown-elf/12.2.0/../../../../riscv64-unknown-elf/lib/rv32imac/ilp32/libc.a(lib_a-svfprintf.o) (_malloc_r)
/opt/riscv/lib/gcc/riscv64-unknown-elf/12.2.0/../../../../riscv64-unknown-elf/lib/rv32imac/ilp32/libc.a(lib_a-mbtowc_r.o)
                              /opt/riscv/lib/gcc/riscv64-unknown-elf/12.2.0/../../../../riscv64-unknown-elf/lib/rv32imac/ilp32/libc.a(lib_a-locale.o) (__ascii_mbtowc)
/opt/riscv/lib/gcc/riscv64-unknown-elf/12.2.0/../../../../riscv64-unknown-elf/lib/rv32imac/ilp32/libc.a(lib_a-memchr.o)
                              /opt/riscv/lib/gcc/riscv64-unknown-elf/12.2.0/../../../../riscv64-unknown-elf/lib/rv32imac/ilp32/libc.a(lib_a-svfprintf.o) (memchr)
/opt/riscv/lib/gcc/riscv64-unknown-elf/12.2.0/../../../../riscv64-unknown-elf/lib/rv32imac/ilp32/libc.a(lib_a-mlock.o)
                              /opt/riscv/lib/gcc/riscv64-unknown-elf/12.2.0/../../../../riscv64-unknown-elf/lib/rv32imac/ilp32/libc.a(lib_a-freer.o) (__malloc_lock)
/opt/riscv/lib/gcc/riscv64-unknown-elf/12.2.0/../../../../riscv64-unknown-elf/lib/rv32imac/ilp32/libc.a(lib_a-mprec.o)
                              /opt/riscv/lib/gcc/riscv64-unknown-elf/12.2.0/../../../../riscv64-unknown-elf/lib/rv32imac/ilp32/libc.a(lib_a-ldtoa.o) (_Balloc)
/opt/riscv/lib/gcc/riscv64-unknown-elf/12.2.0/../../../../riscv64-unknown-elf/lib/rv32imac/ilp32/libc.a(lib_a-sbrkr.o)
                              /opt/riscv/lib/gcc/riscv64-unknown-elf/12.2.0/../../../../riscv64-unknown-elf/lib/rv32imac/ilp32/libc.a(lib_a-freer.o) (_sbrk_r)
[...]
Memory Configuration

Name             Origin             Length             Attributes
onChipRam        0x0000000080000000 0x0000000000001000 axr
sdram            0x0000000040000000 0x0000000004000000 axw
*default*        0x0000000000000000 0xffffffffffffffff

Linker script and memory map

                0x000000000000012c                __stack_size = 0x12c
LOAD build/main.o
LOAD build/main_blinky.o
LOAD build/riscv-briey.o
LOAD build/Vex_libs/uart.o
LOAD build/Vex_libs/vga.o
LOAD build/Vex_libs/timer.o
LOAD build/Vex_libs/interrupt.o
LOAD build/Vex_libs/prescaler.o
LOAD build//home/aaron/FreeRTOS-Briey-cs-latency/FreeRTOS/Demo/Common/Minimal/EventGroupsDemo.o
LOAD build//home/aaron/FreeRTOS-Briey-cs-latency/FreeRTOS/Demo/Common/Minimal/TaskNotify.o
LOAD build//home/aaron/FreeRTOS-Briey-cs-latency/FreeRTOS/Demo/Common/Minimal/TimerDemo.o
LOAD build//home/aaron/FreeRTOS-Briey-cs-latency/FreeRTOS/Demo/Common/Minimal/blocktim.o
LOAD build//home/aaron/FreeRTOS-Briey-cs-latency/FreeRTOS/Demo/Common/Minimal/dynamic.o
LOAD build//home/aaron/FreeRTOS-Briey-cs-latency/FreeRTOS/Demo/Common/Minimal/recmutex.o
LOAD build//home/aaron/FreeRTOS-Briey-cs-latency/FreeRTOS/Source/event_groups.o
LOAD build//home/aaron/FreeRTOS-Briey-cs-latency/FreeRTOS/Source/list.o
LOAD build//home/aaron/FreeRTOS-Briey-cs-latency/FreeRTOS/Source/queue.o
LOAD build//home/aaron/FreeRTOS-Briey-cs-latency/FreeRTOS/Source/stream_buffer.o
LOAD build//home/aaron/FreeRTOS-Briey-cs-latency/FreeRTOS/Source/tasks.o
LOAD build//home/aaron/FreeRTOS-Briey-cs-latency/FreeRTOS/Source/timers.o
LOAD build//home/aaron/FreeRTOS-Briey-cs-latency/FreeRTOS/Source/portable/MemMang/heap_4.o
LOAD build//home/aaron/FreeRTOS-Briey-cs-latency/FreeRTOS/Source/portable/GCC/RISC-V/port.o
LOAD build/start.o
LOAD build//home/aaron/FreeRTOS-Briey-cs-latency/FreeRTOS/Source/portable/GCC/RISC-V/portASM.o
LOAD /opt/riscv/lib/gcc/riscv64-unknown-elf/12.2.0/rv32imac/ilp32/libgcc.a
START GROUP
LOAD /opt/riscv/lib/gcc/riscv64-unknown-elf/12.2.0/../../../../riscv64-unknown-elf/lib/rv32imac/ilp32/libc.a
LOAD /opt/riscv/lib/gcc/riscv64-unknown-elf/12.2.0/../../../../riscv64-unknown-elf/lib/rv32imac/ilp32/libgloss.a
END GROUP
LOAD /opt/riscv/lib/gcc/riscv64-unknown-elf/12.2.0/rv32imac/ilp32/libgcc.a

.init           0x0000000080000000       0xd4
                0x0000000080000000                _text = .
 *(SORT_NONE(.init))
 .init          0x0000000080000000       0xd4 build/start.o
                0x0000000080000020                main_entry
                0x0000000080000040                _start

.text           0x0000000040000000     0xb802
 *(.text.unlikely .text.unlikely.*)
 *(.text.startup .text.startup.*)
 *(.text .text.*)
 .text.main     0x0000000040000000       0x22 build/main.o
                0x0000000040000000                main
 .text.vApplicationMallocFailedHook
                0x0000000040000022        0x6 build/main.o
                0x0000000040000022                vApplicationMallocFailedHook
 .text.vApplicationStackOverflowHook
                0x0000000040000028        0x6 build/main.o
                0x0000000040000028                vApplicationStackOverflowHook
 .text.vApplicationTickHook
                0x000000004000002e        0x2 build/main.o
                0x000000004000002e                vApplicationTickHook
 .text.vAssertCalled
                0x0000000040000030       0x18 build/main.o
                0x0000000040000030                vAssertCalled
 .text.prvQueueSendTask
                0x0000000040000048       0x6a build/main_blinky.o
 .text.prvQueueReceiveTask
                0x00000000400000b2       0x6e build/main_blinky.o
 .text.main_blinky
                0x0000000040000120       0x68 build/main_blinky.o
                0x0000000040000120                main_blinky
 .text.xGetCoreID
                0x0000000040000188        0x6 build/riscv-briey.o
                0x0000000040000188                xGetCoreID
 .text.vSendString
                0x000000004000018e       0x64 build/riscv-briey.o
                0x000000004000018e                vSendString
 .text.handle_trap
                0x00000000400001f2       0x38 build/riscv-briey.o
                0x00000000400001f2                handle_trap
 .text.vPortSetupTimerInterrupt
                0x000000004000022a       0x52 build/riscv-briey.o
                0x000000004000022a                vPortSetupTimerInterrupt
 .text.uart_writeAvailability
                0x000000004000027c        0xa build/Vex_libs/uart.o
                0x000000004000027c                uart_writeAvailability
 .text.uart_write
                0x0000000040000286       0x1e build/Vex_libs/uart.o
                0x0000000040000286                uart_write
 .text.uart_applyConfig
                0x00000000400002a4       0x18 build/Vex_libs/uart.o
                0x00000000400002a4                uart_applyConfig
 .text.timer_init
                0x00000000400002bc        0xa build/Vex_libs/timer.o
                0x00000000400002bc                timer_init
 .text.interruptCtrl_init
                0x00000000400002c6        0xa build/Vex_libs/interrupt.o
                0x00000000400002c6                interruptCtrl_init
 .text.prescaler_init
                0x00000000400002d0        0x2 build/Vex_libs/prescaler.o
                0x00000000400002d0                prescaler_init
 .text.vListInitialise
                0x00000000400002d2       0x14 build//home/aaron/FreeRTOS-Briey-cs-latency/FreeRTOS/Source/list.o
                0x00000000400002d2                vListInitialise
 .text.vListInitialiseItem
                0x00000000400002e6        0x6 build//home/aaron/FreeRTOS-Briey-cs-latency/FreeRTOS/Source/list.o
                0x00000000400002e6                vListInitialiseItem
 .text.vListInsert
                0x00000000400002ec       0x2e build//home/aaron/FreeRTOS-Briey-cs-latency/FreeRTOS/Source/list.o
                0x00000000400002ec                vListInsert
 .text.uxListRemove
                0x000000004000031a       0x26 build//home/aaron/FreeRTOS-Briey-cs-latency/FreeRTOS/Source/list.o
                0x000000004000031a                uxListRemove
 .text.prvIsQueueEmpty
                0x0000000040000340       0x2e build//home/aaron/FreeRTOS-Briey-cs-latency/FreeRTOS/Source/queue.o
 .text.prvIsQueueFull
                0x000000004000036e       0x32 build//home/aaron/FreeRTOS-Briey-cs-latency/FreeRTOS/Source/queue.o
 .text.prvCopyDataToQueue
                0x00000000400003a0       0x92 build//home/aaron/FreeRTOS-Briey-cs-latency/FreeRTOS/Source/queue.o
 .text.prvCopyDataFromQueue
                0x0000000040000432       0x2a build//home/aaron/FreeRTOS-Briey-cs-latency/FreeRTOS/Source/queue.o
 .text.prvUnlockQueue
                0x000000004000045c       0xbc build//home/aaron/FreeRTOS-Briey-cs-latency/FreeRTOS/Source/queue.o
 .text.xQueueGenericReset
                0x0000000040000518       0xa2 build//home/aaron/FreeRTOS-Briey-cs-latency/FreeRTOS/Source/queue.o
                0x0000000040000518                xQueueGenericReset
 .text.prvInitialiseNewQueue
                0x00000000400005ba       0x1e build//home/aaron/FreeRTOS-Briey-cs-latency/FreeRTOS/Source/queue.o
 .text.xQueueGenericCreate
                0x00000000400005d8       0x5e build//home/aaron/FreeRTOS-Briey-cs-latency/FreeRTOS/Source/queue.o
                0x00000000400005d8                xQueueGenericCreate
 .text.xQueueGenericSend
                0x0000000040000636      0x172 build//home/aaron/FreeRTOS-Briey-cs-latency/FreeRTOS/Source/queue.o
                0x0000000040000636                xQueueGenericSend
 .text.xQueueReceive
                0x00000000400007a8      0x160 build//home/aaron/FreeRTOS-Briey-cs-latency/FreeRTOS/Source/queue.o
                0x00000000400007a8                xQueueReceive
 .text.vQueueAddToRegistry
                0x0000000040000908       0x76 build//home/aaron/FreeRTOS-Briey-cs-latency/FreeRTOS/Source/queue.o
                0x0000000040000908                vQueueAddToRegistry
 .text.vQueueWaitForMessageRestricted
                0x000000004000097e       0x6e build//home/aaron/FreeRTOS-Briey-cs-latency/FreeRTOS/Source/queue.o
                0x000000004000097e                vQueueWaitForMessageRestricted
 .text.prvResetNextTaskUnblockTime
                0x00000000400009ec       0x2e build//home/aaron/FreeRTOS-Briey-cs-latency/FreeRTOS/Source/tasks.o
 .text.prvDeleteTCB
                0x0000000040000a1a       0x1c build//home/aaron/FreeRTOS-Briey-cs-latency/FreeRTOS/Source/tasks.o
 .text.prvInitialiseNewTask
                0x0000000040000a36       0xc0 build//home/aaron/FreeRTOS-Briey-cs-latency/FreeRTOS/Source/tasks.o
 .text.prvInitialiseTaskLists
                0x0000000040000af6       0x7a build//home/aaron/FreeRTOS-Briey-cs-latency/FreeRTOS/Source/tasks.o
 .text.prvAddNewTaskToReadyList
                0x0000000040000b70      0x100 build//home/aaron/FreeRTOS-Briey-cs-latency/FreeRTOS/Source/tasks.o
 .text.prvCheckTasksWaitingTermination
                0x0000000040000c70       0x78 build//home/aaron/FreeRTOS-Briey-cs-latency/FreeRTOS/Source/tasks.o
 .text.prvIdleTask
                0x0000000040000ce8        0xc build//home/aaron/FreeRTOS-Briey-cs-latency/FreeRTOS/Source/tasks.o
 .text.prvAddCurrentTaskToDelayedList
                0x0000000040000cf4       0xea build//home/aaron/FreeRTOS-Briey-cs-latency/FreeRTOS/Source/tasks.o
 .text.xTaskCreate
                0x0000000040000dde       0x82 build//home/aaron/FreeRTOS-Briey-cs-latency/FreeRTOS/Source/tasks.o
                0x0000000040000dde                xTaskCreate
 .text.vTaskStartScheduler
                0x0000000040000e60       0x76 build//home/aaron/FreeRTOS-Briey-cs-latency/FreeRTOS/Source/tasks.o
                0x0000000040000e60                vTaskStartScheduler
 .text.vTaskSuspendAll
                0x0000000040000ed6       0x10 build//home/aaron/FreeRTOS-Briey-cs-latency/FreeRTOS/Source/tasks.o
                0x0000000040000ed6                vTaskSuspendAll
 .text.xTaskGetTickCount
                0x0000000040000ee6        0xa build//home/aaron/FreeRTOS-Briey-cs-latency/FreeRTOS/Source/tasks.o
                0x0000000040000ee6                xTaskGetTickCount
 .text.pcTaskGetName
                0x0000000040000ef0       0x26 build//home/aaron/FreeRTOS-Briey-cs-latency/FreeRTOS/Source/tasks.o
                0x0000000040000ef0                pcTaskGetName
 .text.xTaskIncrementTick
                0x0000000040000f16      0x16e build//home/aaron/FreeRTOS-Briey-cs-latency/FreeRTOS/Source/tasks.o
                0x0000000040000f16                xTaskIncrementTick
 .text.xTaskResumeAll
                0x0000000040001084      0x160 build//home/aaron/FreeRTOS-Briey-cs-latency/FreeRTOS/Source/tasks.o
                0x0000000040001084                xTaskResumeAll
 .text.xTaskDelayUntil
                0x00000000400011e4       0x86 build//home/aaron/FreeRTOS-Briey-cs-latency/FreeRTOS/Source/tasks.o
                0x00000000400011e4                xTaskDelayUntil
 .text.vTaskSwitchContext
                0x000000004000126a      0x104 build//home/aaron/FreeRTOS-Briey-cs-latency/FreeRTOS/Source/tasks.o
                0x000000004000126a                vTaskSwitchContext
 .text.vTaskPlaceOnEventList
                0x000000004000136e       0x36 build//home/aaron/FreeRTOS-Briey-cs-latency/FreeRTOS/Source/tasks.o
                0x000000004000136e                vTaskPlaceOnEventList
 .text.vTaskPlaceOnEventListRestricted
                0x00000000400013a4       0x5a build//home/aaron/FreeRTOS-Briey-cs-latency/FreeRTOS/Source/tasks.o
                0x00000000400013a4                vTaskPlaceOnEventListRestricted
 .text.xTaskRemoveFromEventList
                0x00000000400013fe       0xfa build//home/aaron/FreeRTOS-Briey-cs-latency/FreeRTOS/Source/tasks.o
                0x00000000400013fe                xTaskRemoveFromEventList
 .text.vTaskInternalSetTimeOutState
                0x00000000400014f8       0x16 build//home/aaron/FreeRTOS-Briey-cs-latency/FreeRTOS/Source/tasks.o
                0x00000000400014f8                vTaskInternalSetTimeOutState
 .text.xTaskCheckForTimeOut
                0x000000004000150e       0xb6 build//home/aaron/FreeRTOS-Briey-cs-latency/FreeRTOS/Source/tasks.o
                0x000000004000150e                xTaskCheckForTimeOut
 .text.vTaskMissedYield
                0x00000000400015c4        0xc build//home/aaron/FreeRTOS-Briey-cs-latency/FreeRTOS/Source/tasks.o
                0x00000000400015c4                vTaskMissedYield
 .text.xTaskGetCurrentTaskHandle
                0x00000000400015d0        0xa build//home/aaron/FreeRTOS-Briey-cs-latency/FreeRTOS/Source/tasks.o
                0x00000000400015d0                xTaskGetCurrentTaskHandle
 .text.xTaskGetSchedulerState
                0x00000000400015da       0x20 build//home/aaron/FreeRTOS-Briey-cs-latency/FreeRTOS/Source/tasks.o
                0x00000000400015da                xTaskGetSchedulerState
 .text.xTaskPriorityDisinherit
                0x00000000400015fa       0xcc build//home/aaron/FreeRTOS-Briey-cs-latency/FreeRTOS/Source/tasks.o
                0x00000000400015fa                xTaskPriorityDisinherit
 .text.prvGetNextExpireTime
                0x00000000400016c6       0x20 build//home/aaron/FreeRTOS-Briey-cs-latency/FreeRTOS/Source/timers.o
 .text.prvInsertTimerInActiveList
                0x00000000400016e6       0x50 build//home/aaron/FreeRTOS-Briey-cs-latency/FreeRTOS/Source/timers.o
 .text.prvReloadTimer
                0x0000000040001736       0x36 build//home/aaron/FreeRTOS-Briey-cs-latency/FreeRTOS/Source/timers.o
 .text.prvProcessExpiredTimer
                0x000000004000176c       0x4e build//home/aaron/FreeRTOS-Briey-cs-latency/FreeRTOS/Source/timers.o
 .text.prvSwitchTimerLists
                0x00000000400017ba       0x54 build//home/aaron/FreeRTOS-Briey-cs-latency/FreeRTOS/Source/timers.o
 .text.prvSampleTimeNow
                0x000000004000180e       0x3c build//home/aaron/FreeRTOS-Briey-cs-latency/FreeRTOS/Source/timers.o
 .text.prvProcessTimerOrBlockTask
                0x000000004000184a       0x70 build//home/aaron/FreeRTOS-Briey-cs-latency/FreeRTOS/Source/timers.o
 .text.prvProcessReceivedCommands
                0x00000000400018ba       0xf4 build//home/aaron/FreeRTOS-Briey-cs-latency/FreeRTOS/Source/timers.o
 .text.prvTimerTask
                0x00000000400019ae       0x10 build//home/aaron/FreeRTOS-Briey-cs-latency/FreeRTOS/Source/timers.o
 .text.prvCheckForValidListAndQueue
                0x00000000400019be       0x9a build//home/aaron/FreeRTOS-Briey-cs-latency/FreeRTOS/Source/timers.o
 .text.xTimerCreateTimerTask
                0x0000000040001a58       0x4c build//home/aaron/FreeRTOS-Briey-cs-latency/FreeRTOS/Source/timers.o
                0x0000000040001a58                xTimerCreateTimerTask
 .text.prvHeapInit
                0x0000000040001aa4       0x6a build//home/aaron/FreeRTOS-Briey-cs-latency/FreeRTOS/Source/portable/MemMang/heap_4.o
 .text.prvInsertBlockIntoFreeList
                0x0000000040001b0e       0x56 build//home/aaron/FreeRTOS-Briey-cs-latency/FreeRTOS/Source/portable/MemMang/heap_4.o
 .text.pvPortMalloc
                0x0000000040001b64      0x12a build//home/aaron/FreeRTOS-Briey-cs-latency/FreeRTOS/Source/portable/MemMang/heap_4.o
                0x0000000040001b64                pvPortMalloc
 .text.vPortFree
                0x0000000040001c8e       0x7e build//home/aaron/FreeRTOS-Briey-cs-latency/FreeRTOS/Source/portable/MemMang/heap_4.o
                0x0000000040001c8e                vPortFree
 .text.xPortStartScheduler
                0x0000000040001d0c       0x2c build//home/aaron/FreeRTOS-Briey-cs-latency/FreeRTOS/Source/portable/GCC/RISC-V/port.o
                0x0000000040001d0c                xPortStartScheduler
 .text          0x0000000040001d38       0xc2 build//home/aaron/FreeRTOS-Briey-cs-latency/FreeRTOS/Source/portable/GCC/RISC-V/portASM.o
                0x0000000040001d38                pxPortInitialiseStack
                0x0000000040001d80                xPortStartFirstTask
                0x0000000040001dde                freertos_risc_v_application_exception_handler
                0x0000000040001dec                freertos_risc_v_application_interrupt_handler
 *fill*         0x0000000040001dfa        0x6 
 .text.freertos_risc_v_trap_handler
                0x0000000040001e00      0x1ea build//home/aaron/FreeRTOS-Briey-cs-latency/FreeRTOS/Source/portable/GCC/RISC-V/portASM.o
                0x0000000040001e00                freertos_risc_v_trap_handler
 .text          0x0000000040001fea       0x3c /opt/riscv/lib/gcc/riscv64-unknown-elf/12.2.0/rv32imac/ilp32/libgcc.a(_clzsi2.o)
                0x0000000040001fea                __clzsi2
 .text.memcpy   0x0000000040002026      0x146 /opt/riscv/lib/gcc/riscv64-unknown-elf/12.2.0/../../../../riscv64-unknown-elf/lib/rv32imac/ilp32/libc.a(lib_a-memcpy.o)
                0x0000000040002026                memcpy
 .text          0x000000004000216c       0xa8 /opt/riscv/lib/gcc/riscv64-unknown-elf/12.2.0/../../../../riscv64-unknown-elf/lib/rv32imac/ilp32/libc.a(lib_a-memset.o)
                0x000000004000216c                memset
 .text.sprintf  0x0000000040002214       0x48 /opt/riscv/lib/gcc/riscv64-unknown-elf/12.2.0/../../../../riscv64-unknown-elf/lib/rv32imac/ilp32/libc.a(lib_a-sprintf.o)
                0x0000000040002214                sprintf
 .text.strlen   0x000000004000225c       0x64 /opt/riscv/lib/gcc/riscv64-unknown-elf/12.2.0/../../../../riscv64-unknown-elf/lib/rv32imac/ilp32/libc.a(lib_a-strlen.o)
                0x000000004000225c                strlen
 .text._svfprintf_r
                0x00000000400022c0     0x1c38 /opt/riscv/lib/gcc/riscv64-unknown-elf/12.2.0/../../../../riscv64-unknown-elf/lib/rv32imac/ilp32/libc.a(lib_a-svfprintf.o)
                0x00000000400022c0                _svfprintf_r
 .text._malloc_trim_r
                0x0000000040003ef8       0xd4 /opt/riscv/lib/gcc/riscv64-unknown-elf/12.2.0/../../../../riscv64-unknown-elf/lib/rv32imac/ilp32/libc.a(lib_a-freer.o)
                0x0000000040003ef8                _malloc_trim_r
 .text._free_r  0x0000000040003fcc      0x230 /opt/riscv/lib/gcc/riscv64-unknown-elf/12.2.0/../../../../riscv64-unknown-elf/lib/rv32imac/ilp32/libc.a(lib_a-freer.o)
                0x0000000040003fcc                _free_r
 .text.eshdn1   0x00000000400041fc       0x3c /opt/riscv/lib/gcc/riscv64-unknown-elf/12.2.0/../../../../riscv64-unknown-elf/lib/rv32imac/ilp32/libc.a(lib_a-ldtoa.o)
 .text.eshup1   0x0000000040004238       0x3c /opt/riscv/lib/gcc/riscv64-unknown-elf/12.2.0/../../../../riscv64-unknown-elf/lib/rv32imac/ilp32/libc.a(lib_a-ldtoa.o)
 .text.m16m     0x0000000040004274       0x68 /opt/riscv/lib/gcc/riscv64-unknown-elf/12.2.0/../../../../riscv64-unknown-elf/lib/rv32imac/ilp32/libc.a(lib_a-ldtoa.o)
 .text.emovo.constprop.0
                0x00000000400042dc       0x8c /opt/riscv/lib/gcc/riscv64-unknown-elf/12.2.0/../../../../riscv64-unknown-elf/lib/rv32imac/ilp32/libc.a(lib_a-ldtoa.o)
 .text.enormlz  0x0000000040004368      0x10e /opt/riscv/lib/gcc/riscv64-unknown-elf/12.2.0/../../../../riscv64-unknown-elf/lib/rv32imac/ilp32/libc.a(lib_a-ldtoa.o)
 .text.eshift.part.0
                0x0000000040004476      0x13e /opt/riscv/lib/gcc/riscv64-unknown-elf/12.2.0/../../../../riscv64-unknown-elf/lib/rv32imac/ilp32/libc.a(lib_a-ldtoa.o)
 .text.emovi    0x00000000400045b4       0x8e /opt/riscv/lib/gcc/riscv64-unknown-elf/12.2.0/../../../../riscv64-unknown-elf/lib/rv32imac/ilp32/libc.a(lib_a-ldtoa.o)
 .text.ecmp     0x0000000040004642       0xe8 /opt/riscv/lib/gcc/riscv64-unknown-elf/12.2.0/../../../../riscv64-unknown-elf/lib/rv32imac/ilp32/libc.a(lib_a-ldtoa.o)
 .text.emdnorm  0x000000004000472a      0x382 /opt/riscv/lib/gcc/riscv64-unknown-elf/12.2.0/../../../../riscv64-unknown-elf/lib/rv32imac/ilp32/libc.a(lib_a-ldtoa.o)
 .text.eiremain
                0x0000000040004aac       0xf4 /opt/riscv/lib/gcc/riscv64-unknown-elf/12.2.0/../../../../riscv64-unknown-elf/lib/rv32imac/ilp32/libc.a(lib_a-ldtoa.o)
 .text.e113toe.isra.0
                0x0000000040004ba0       0xfa /opt/riscv/lib/gcc/riscv64-unknown-elf/12.2.0/../../../../riscv64-unknown-elf/lib/rv32imac/ilp32/libc.a(lib_a-ldtoa.o)
 .text.ediv     0x0000000040004c9a      0x424 /opt/riscv/lib/gcc/riscv64-unknown-elf/12.2.0/../../../../riscv64-unknown-elf/lib/rv32imac/ilp32/libc.a(lib_a-ldtoa.o)
 .text.emul     0x00000000400050be      0x39c /opt/riscv/lib/gcc/riscv64-unknown-elf/12.2.0/../../../../riscv64-unknown-elf/lib/rv32imac/ilp32/libc.a(lib_a-ldtoa.o)
 .text._ldtoa_r
                0x000000004000545a      0xe4a /opt/riscv/lib/gcc/riscv64-unknown-elf/12.2.0/../../../../riscv64-unknown-elf/lib/rv32imac/ilp32/libc.a(lib_a-ldtoa.o)
                0x000000004000545a                _ldtoa_r
 .text._ldcheck
                0x00000000400062a4       0x4a /opt/riscv/lib/gcc/riscv64-unknown-elf/12.2.0/../../../../riscv64-unknown-elf/lib/rv32imac/ilp32/libc.a(lib_a-ldtoa.o)
                0x00000000400062a4                _ldcheck
 .text._localeconv_r
                0x00000000400062ee        0xa /opt/riscv/lib/gcc/riscv64-unknown-elf/12.2.0/../../../../riscv64-unknown-elf/lib/rv32imac/ilp32/libc.a(lib_a-localeconv.o)
                0x00000000400062ee                _localeconv_r
 .text.__locale_mb_cur_max
                0x00000000400062f8        0xa /opt/riscv/lib/gcc/riscv64-unknown-elf/12.2.0/../../../../riscv64-unknown-elf/lib/rv32imac/ilp32/libc.a(lib_a-locale.o)
                0x00000000400062f8                __locale_mb_cur_max
 .text._malloc_r
                0x0000000040006302      0x59a /opt/riscv/lib/gcc/riscv64-unknown-elf/12.2.0/../../../../riscv64-unknown-elf/lib/rv32imac/ilp32/libc.a(lib_a-mallocr.o)
                0x0000000040006302                _malloc_r
 .text.__ascii_mbtowc
                0x000000004000689c       0x40 /opt/riscv/lib/gcc/riscv64-unknown-elf/12.2.0/../../../../riscv64-unknown-elf/lib/rv32imac/ilp32/libc.a(lib_a-mbtowc_r.o)
                0x000000004000689c                __ascii_mbtowc
 .text.memchr   0x00000000400068dc       0x90 /opt/riscv/lib/gcc/riscv64-unknown-elf/12.2.0/../../../../riscv64-unknown-elf/lib/rv32imac/ilp32/libc.a(lib_a-memchr.o)
                0x00000000400068dc                memchr
 .text.__malloc_lock
                0x000000004000696c        0x2 /opt/riscv/lib/gcc/riscv64-unknown-elf/12.2.0/../../../../riscv64-unknown-elf/lib/rv32imac/ilp32/libc.a(lib_a-mlock.o)
                0x000000004000696c                __malloc_lock
 .text.__malloc_unlock
                0x000000004000696e        0x2 /opt/riscv/lib/gcc/riscv64-unknown-elf/12.2.0/../../../../riscv64-unknown-elf/lib/rv32imac/ilp32/libc.a(lib_a-mlock.o)
                0x000000004000696e                __malloc_unlock
 .text._Balloc  0x0000000040006970       0x62 /opt/riscv/lib/gcc/riscv64-unknown-elf/12.2.0/../../../../riscv64-unknown-elf/lib/rv32imac/ilp32/libc.a(lib_a-mprec.o)
                0x0000000040006970                _Balloc
 .text._Bfree   0x00000000400069d2       0x12 /opt/riscv/lib/gcc/riscv64-unknown-elf/12.2.0/../../../../riscv64-unknown-elf/lib/rv32imac/ilp32/libc.a(lib_a-mprec.o)
                0x00000000400069d2                _Bfree
 .text._sbrk_r  0x00000000400069e4       0x3a /opt/riscv/lib/gcc/riscv64-unknown-elf/12.2.0/../../../../riscv64-unknown-elf/lib/rv32imac/ilp32/libc.a(lib_a-sbrkr.o)
                0x00000000400069e4                _sbrk_r
 .text.frexp    0x0000000040006a1e       0x78 /opt/riscv/lib/gcc/riscv64-unknown-elf/12.2.0/../../../../riscv64-unknown-elf/lib/rv32imac/ilp32/libc.a(lib_a-s_frexp.o)
                0x0000000040006a1e                frexp
 .text.strcpy   0x0000000040006a96       0x78 /opt/riscv/lib/gcc/riscv64-unknown-elf/12.2.0/../../../../riscv64-unknown-elf/lib/rv32imac/ilp32/libc.a(lib_a-strcpy.o)
                0x0000000040006a96                strcpy
 .text.strncpy  0x0000000040006b0e       0x7c /opt/riscv/lib/gcc/riscv64-unknown-elf/12.2.0/../../../../riscv64-unknown-elf/lib/rv32imac/ilp32/libc.a(lib_a-strncpy.o)
                0x0000000040006b0e                strncpy
 .text.__ssprint_r
                0x0000000040006b8a      0x12c /opt/riscv/lib/gcc/riscv64-unknown-elf/12.2.0/../../../../riscv64-unknown-elf/lib/rv32imac/ilp32/libc.a(lib_a-svfiprintf.o)
                0x0000000040006b8a                __ssprint_r
 .text.__ascii_wctomb
                0x0000000040006cb6       0x20 /opt/riscv/lib/gcc/riscv64-unknown-elf/12.2.0/../../../../riscv64-unknown-elf/lib/rv32imac/ilp32/libc.a(lib_a-wctomb_r.o)
                0x0000000040006cb6                __ascii_wctomb
 .text.__assert_func
                0x0000000040006cd6       0x40 /opt/riscv/lib/gcc/riscv64-unknown-elf/12.2.0/../../../../riscv64-unknown-elf/lib/rv32imac/ilp32/libc.a(lib_a-assert.o)
                0x0000000040006cd6                __assert_func
 .text._calloc_r
                0x0000000040006d16       0xa6 /opt/riscv/lib/gcc/riscv64-unknown-elf/12.2.0/../../../../riscv64-unknown-elf/lib/rv32imac/ilp32/libc.a(lib_a-callocr.o)
                0x0000000040006d16                _calloc_r
 .text.__errno  0x0000000040006dbc        0x6 /opt/riscv/lib/gcc/riscv64-unknown-elf/12.2.0/../../../../riscv64-unknown-elf/lib/rv32imac/ilp32/libc.a(lib_a-errno.o)
                0x0000000040006dbc                __errno
 .text.fiprintf
                0x0000000040006dc2       0x2a /opt/riscv/lib/gcc/riscv64-unknown-elf/12.2.0/../../../../riscv64-unknown-elf/lib/rv32imac/ilp32/libc.a(lib_a-fiprintf.o)
                0x0000000040006dc2                fiprintf
 .text.memmove  0x0000000040006dec       0xd2 /opt/riscv/lib/gcc/riscv64-unknown-elf/12.2.0/../../../../riscv64-unknown-elf/lib/rv32imac/ilp32/libc.a(lib_a-memmove-stub.o)
                0x0000000040006dec                memmove
 .text._realloc_r
                0x0000000040006ebe      0x3d0 /opt/riscv/lib/gcc/riscv64-unknown-elf/12.2.0/../../../../riscv64-unknown-elf/lib/rv32imac/ilp32/libc.a(lib_a-reallocr.o)
                0x0000000040006ebe                _realloc_r
 .text.__sprint_r.part.0
                0x000000004000728e       0x98 /opt/riscv/lib/gcc/riscv64-unknown-elf/12.2.0/../../../../riscv64-unknown-elf/lib/rv32imac/ilp32/libc.a(lib_a-vfiprintf.o)
 .text._vfiprintf_r
                0x0000000040007326      0xdde /opt/riscv/lib/gcc/riscv64-unknown-elf/12.2.0/../../../../riscv64-unknown-elf/lib/rv32imac/ilp32/libc.a(lib_a-vfiprintf.o)
                0x0000000040007326                _vfiprintf_r
 .text.__sbprintf
                0x0000000040008104       0x94 /opt/riscv/lib/gcc/riscv64-unknown-elf/12.2.0/../../../../riscv64-unknown-elf/lib/rv32imac/ilp32/libc.a(lib_a-vfiprintf.o)
 .text.__swsetup_r
                0x0000000040008198       0xda /opt/riscv/lib/gcc/riscv64-unknown-elf/12.2.0/../../../../riscv64-unknown-elf/lib/rv32imac/ilp32/libc.a(lib_a-wsetup.o)
                0x0000000040008198                __swsetup_r
 .text.abort    0x0000000040008272       0x10 /opt/riscv/lib/gcc/riscv64-unknown-elf/12.2.0/../../../../riscv64-unknown-elf/lib/rv32imac/ilp32/libc.a(lib_a-abort.o)
                0x0000000040008272                abort
 .text.__sflush_r
                0x0000000040008282      0x182 /opt/riscv/lib/gcc/riscv64-unknown-elf/12.2.0/../../../../riscv64-unknown-elf/lib/rv32imac/ilp32/libc.a(lib_a-fflush.o)
                0x0000000040008282                __sflush_r
 .text._fflush_r
                0x0000000040008404       0x36 /opt/riscv/lib/gcc/riscv64-unknown-elf/12.2.0/../../../../riscv64-unknown-elf/lib/rv32imac/ilp32/libc.a(lib_a-fflush.o)
                0x0000000040008404                _fflush_r
 .text._cleanup_r
                0x000000004000843a        0xa /opt/riscv/lib/gcc/riscv64-unknown-elf/12.2.0/../../../../riscv64-unknown-elf/lib/rv32imac/ilp32/libc.a(lib_a-findfp.o)
                0x000000004000843a                _cleanup_r
 .text.__sinit.part.0
                0x0000000040008444      0x134 /opt/riscv/lib/gcc/riscv64-unknown-elf/12.2.0/../../../../riscv64-unknown-elf/lib/rv32imac/ilp32/libc.a(lib_a-findfp.o)
 .text.__sinit  0x0000000040008578        0xa /opt/riscv/lib/gcc/riscv64-unknown-elf/12.2.0/../../../../riscv64-unknown-elf/lib/rv32imac/ilp32/libc.a(lib_a-findfp.o)
                0x0000000040008578                __sinit
 .text.__sfp_lock_acquire
                0x0000000040008582        0x2 /opt/riscv/lib/gcc/riscv64-unknown-elf/12.2.0/../../../../riscv64-unknown-elf/lib/rv32imac/ilp32/libc.a(lib_a-findfp.o)
                0x0000000040008582                __sfp_lock_acquire
 .text.__sfp_lock_release
                0x0000000040008584        0x2 /opt/riscv/lib/gcc/riscv64-unknown-elf/12.2.0/../../../../riscv64-unknown-elf/lib/rv32imac/ilp32/libc.a(lib_a-findfp.o)
                0x0000000040008584                __sfp_lock_release
 .text.__fputwc
                0x0000000040008586       0xa0 /opt/riscv/lib/gcc/riscv64-unknown-elf/12.2.0/../../../../riscv64-unknown-elf/lib/rv32imac/ilp32/libc.a(lib_a-fputwc.o)
                0x0000000040008586                __fputwc
 .text._fputwc_r
                0x0000000040008626       0x20 /opt/riscv/lib/gcc/riscv64-unknown-elf/12.2.0/../../../../riscv64-unknown-elf/lib/rv32imac/ilp32/libc.a(lib_a-fputwc.o)
                0x0000000040008626                _fputwc_r
 .text.__sfvwrite_r
                0x0000000040008646      0x320 /opt/riscv/lib/gcc/riscv64-unknown-elf/12.2.0/../../../../riscv64-unknown-elf/lib/rv32imac/ilp32/libc.a(lib_a-fvwrite.o)
                0x0000000040008646                __sfvwrite_r
 .text._fwalk_reent
                0x0000000040008966       0x74 /opt/riscv/lib/gcc/riscv64-unknown-elf/12.2.0/../../../../riscv64-unknown-elf/lib/rv32imac/ilp32/libc.a(lib_a-fwalk.o)
                0x0000000040008966                _fwalk_reent
 .text.__smakebuf_r
                0x00000000400089da      0x10c /opt/riscv/lib/gcc/riscv64-unknown-elf/12.2.0/../../../../riscv64-unknown-elf/lib/rv32imac/ilp32/libc.a(lib_a-makebuf.o)
                0x00000000400089da                __smakebuf_r
 .text.raise    0x0000000040008ae6       0x6e /opt/riscv/lib/gcc/riscv64-unknown-elf/12.2.0/../../../../riscv64-unknown-elf/lib/rv32imac/ilp32/libc.a(lib_a-signal.o)
                0x0000000040008ae6                raise
 .text._kill_r  0x0000000040008b54       0x3c /opt/riscv/lib/gcc/riscv64-unknown-elf/12.2.0/../../../../riscv64-unknown-elf/lib/rv32imac/ilp32/libc.a(lib_a-signalr.o)
                0x0000000040008b54                _kill_r
 .text._getpid_r
                0x0000000040008b90        0x2 /opt/riscv/lib/gcc/riscv64-unknown-elf/12.2.0/../../../../riscv64-unknown-elf/lib/rv32imac/ilp32/libc.a(lib_a-signalr.o)
                0x0000000040008b90                _getpid_r
 .text.__sread  0x0000000040008b92       0x36 /opt/riscv/lib/gcc/riscv64-unknown-elf/12.2.0/../../../../riscv64-unknown-elf/lib/rv32imac/ilp32/libc.a(lib_a-stdio.o)
                0x0000000040008b92                __sread
 .text.__swrite
                0x0000000040008bc8       0x50 /opt/riscv/lib/gcc/riscv64-unknown-elf/12.2.0/../../../../riscv64-unknown-elf/lib/rv32imac/ilp32/libc.a(lib_a-stdio.o)
                0x0000000040008bc8                __swrite
 .text.__sseek  0x0000000040008c18       0x48 /opt/riscv/lib/gcc/riscv64-unknown-elf/12.2.0/../../../../riscv64-unknown-elf/lib/rv32imac/ilp32/libc.a(lib_a-stdio.o)
                0x0000000040008c18                __sseek
 .text.__sclose
                0x0000000040008c60        0x6 /opt/riscv/lib/gcc/riscv64-unknown-elf/12.2.0/../../../../riscv64-unknown-elf/lib/rv32imac/ilp32/libc.a(lib_a-stdio.o)
                0x0000000040008c60                __sclose
 .text.__swbuf_r
                0x0000000040008c66       0xf2 /opt/riscv/lib/gcc/riscv64-unknown-elf/12.2.0/../../../../riscv64-unknown-elf/lib/rv32imac/ilp32/libc.a(lib_a-wbuf.o)
                0x0000000040008c66                __swbuf_r
 .text._wcrtomb_r
                0x0000000040008d58       0x48 /opt/riscv/lib/gcc/riscv64-unknown-elf/12.2.0/../../../../riscv64-unknown-elf/lib/rv32imac/ilp32/libc.a(lib_a-wcrtomb.o)
                0x0000000040008d58                _wcrtomb_r
 .text._write_r
                0x0000000040008da0       0x3e /opt/riscv/lib/gcc/riscv64-unknown-elf/12.2.0/../../../../riscv64-unknown-elf/lib/rv32imac/ilp32/libc.a(lib_a-writer.o)
                0x0000000040008da0                _write_r
 .text._close_r
                0x0000000040008dde       0x38 /opt/riscv/lib/gcc/riscv64-unknown-elf/12.2.0/../../../../riscv64-unknown-elf/lib/rv32imac/ilp32/libc.a(lib_a-closer.o)
                0x0000000040008dde                _close_r
 .text._fclose_r
                0x0000000040008e16       0xae /opt/riscv/lib/gcc/riscv64-unknown-elf/12.2.0/../../../../riscv64-unknown-elf/lib/rv32imac/ilp32/libc.a(lib_a-fclose.o)
                0x0000000040008e16                _fclose_r
 .text._fstat_r
                0x0000000040008ec4       0x3c /opt/riscv/lib/gcc/riscv64-unknown-elf/12.2.0/../../../../riscv64-unknown-elf/lib/rv32imac/ilp32/libc.a(lib_a-fstatr.o)
                0x0000000040008ec4                _fstat_r
 .text._isatty_r
                0x0000000040008f00       0x38 /opt/riscv/lib/gcc/riscv64-unknown-elf/12.2.0/../../../../riscv64-unknown-elf/lib/rv32imac/ilp32/libc.a(lib_a-isattyr.o)
                0x0000000040008f00                _isatty_r
 .text._lseek_r
                0x0000000040008f38       0x3e /opt/riscv/lib/gcc/riscv64-unknown-elf/12.2.0/../../../../riscv64-unknown-elf/lib/rv32imac/ilp32/libc.a(lib_a-lseekr.o)
                0x0000000040008f38                _lseek_r
 .text._read_r  0x0000000040008f76       0x3e /opt/riscv/lib/gcc/riscv64-unknown-elf/12.2.0/../../../../riscv64-unknown-elf/lib/rv32imac/ilp32/libc.a(lib_a-readr.o)
                0x0000000040008f76                _read_r
 .text._close   0x0000000040008fb4       0x2c /opt/riscv/lib/gcc/riscv64-unknown-elf/12.2.0/../../../../riscv64-unknown-elf/lib/rv32imac/ilp32/libgloss.a(sys_close.o)
                0x0000000040008fb4                _close
 .text._exit    0x0000000040008fe0       0x22 /opt/riscv/lib/gcc/riscv64-unknown-elf/12.2.0/../../../../riscv64-unknown-elf/lib/rv32imac/ilp32/libgloss.a(sys_exit.o)
                0x0000000040008fe0                _exit
 .text._fstat   0x0000000040009002       0x3a /opt/riscv/lib/gcc/riscv64-unknown-elf/12.2.0/../../../../riscv64-unknown-elf/lib/rv32imac/ilp32/libgloss.a(sys_fstat.o)
                0x0000000040009002                _fstat
 .text._getpid  0x000000004000903c        0x4 /opt/riscv/lib/gcc/riscv64-unknown-elf/12.2.0/../../../../riscv64-unknown-elf/lib/rv32imac/ilp32/libgloss.a(sys_getpid.o)
                0x000000004000903c                _getpid
 .text._isatty  0x0000000040009040       0x24 /opt/riscv/lib/gcc/riscv64-unknown-elf/12.2.0/../../../../riscv64-unknown-elf/lib/rv32imac/ilp32/libgloss.a(sys_isatty.o)
                0x0000000040009040                _isatty
 .text._kill    0x0000000040009064       0x14 /opt/riscv/lib/gcc/riscv64-unknown-elf/12.2.0/../../../../riscv64-unknown-elf/lib/rv32imac/ilp32/libgloss.a(sys_kill.o)
                0x0000000040009064                _kill
 .text._lseek   0x0000000040009078       0x2c /opt/riscv/lib/gcc/riscv64-unknown-elf/12.2.0/../../../../riscv64-unknown-elf/lib/rv32imac/ilp32/libgloss.a(sys_lseek.o)
                0x0000000040009078                _lseek
 .text._read    0x00000000400090a4       0x2c /opt/riscv/lib/gcc/riscv64-unknown-elf/12.2.0/../../../../riscv64-unknown-elf/lib/rv32imac/ilp32/libgloss.a(sys_read.o)
                0x00000000400090a4                _read
 .text._sbrk    0x00000000400090d0       0x58 /opt/riscv/lib/gcc/riscv64-unknown-elf/12.2.0/../../../../riscv64-unknown-elf/lib/rv32imac/ilp32/libgloss.a(sys_sbrk.o)
                0x00000000400090d0                _sbrk
 .text._write   0x0000000040009128       0x2c /opt/riscv/lib/gcc/riscv64-unknown-elf/12.2.0/../../../../riscv64-unknown-elf/lib/rv32imac/ilp32/libgloss.a(sys_write.o)
                0x0000000040009128                _write
 .text._conv_stat
                0x0000000040009154       0x82 /opt/riscv/lib/gcc/riscv64-unknown-elf/12.2.0/../../../../riscv64-unknown-elf/lib/rv32imac/ilp32/libgloss.a(sys_conv_stat.o)
                0x0000000040009154                _conv_stat
 .text          0x00000000400091d6      0x464 /opt/riscv/lib/gcc/riscv64-unknown-elf/12.2.0/rv32imac/ilp32/libgcc.a(muldf3.o)
                0x00000000400091d6                __muldf3
 .text          0x000000004000963a       0xac /opt/riscv/lib/gcc/riscv64-unknown-elf/12.2.0/rv32imac/ilp32/libgcc.a(eqtf2.o)
                0x000000004000963a                __eqtf2
                0x000000004000963a                __netf2
 .text          0x00000000400096e6      0x112 /opt/riscv/lib/gcc/riscv64-unknown-elf/12.2.0/rv32imac/ilp32/libgcc.a(getf2.o)
                0x00000000400096e6                __getf2
                0x00000000400096e6                __gttf2
 .text          0x00000000400097f8      0x112 /opt/riscv/lib/gcc/riscv64-unknown-elf/12.2.0/rv32imac/ilp32/libgcc.a(letf2.o)
                0x00000000400097f8                __letf2
                0x00000000400097f8                __lttf2
 .text          0x000000004000990a      0xb7e /opt/riscv/lib/gcc/riscv64-unknown-elf/12.2.0/rv32imac/ilp32/libgcc.a(multf3.o)
                0x000000004000990a                __multf3
 .text          0x000000004000a488      0xe40 /opt/riscv/lib/gcc/riscv64-unknown-elf/12.2.0/rv32imac/ilp32/libgcc.a(subtf3.o)
                0x000000004000a488                __subtf3
 .text          0x000000004000b2c8       0xa6 /opt/riscv/lib/gcc/riscv64-unknown-elf/12.2.0/rv32imac/ilp32/libgcc.a(fixtfsi.o)
                0x000000004000b2c8                __fixtfsi
 .text          0x000000004000b36e       0xd2 /opt/riscv/lib/gcc/riscv64-unknown-elf/12.2.0/rv32imac/ilp32/libgcc.a(floatsitf.o)
                0x000000004000b36e                __floatsitf
 .text          0x000000004000b440      0x170 /opt/riscv/lib/gcc/riscv64-unknown-elf/12.2.0/rv32imac/ilp32/libgcc.a(extenddftf2.o)
                0x000000004000b440                __extenddftf2
 .text          0x000000004000b5b0      0x252 /opt/riscv/lib/gcc/riscv64-unknown-elf/12.2.0/rv32imac/ilp32/libgcc.a(trunctfdf2.o)
                0x000000004000b5b0                __trunctfdf2
 *(.gnu.linkonce.t.*)

.fini           0x00000000800000d4        0x0
 *(SORT_NONE(.fini))
                0x00000000800000d4                _etext = .

.rodata.align   0x00000000800000d4        0x0
                0x00000000800000d4                . = ALIGN (0x4)
                0x00000000800000d4                _rodata = .

.rodata.start   0x00000000800000d4        0x0
                0x00000000800000d4                _rodata_lma = LOADADDR (.rodata.start)

.rodata         0x00000000800000d4      0x9cc
 *(.rdata)
 *(.rodata .rodata.*)
 .rodata.prvQueueSendTask.str1.4
                0x00000000800000d4       0x23 build/main_blinky.o
 *fill*         0x00000000800000f7        0x1 
 .rodata.prvQueueReceiveTask.str1.4
                0x00000000800000f8       0x2c build/main_blinky.o
 .rodata.main_blinky.str1.4
                0x0000000080000124       0x17 build/main_blinky.o
 *fill*         0x000000008000013b        0x1 
 .rodata.vTaskStartScheduler.str1.4
                0x000000008000013c        0x5 build//home/aaron/FreeRTOS-Briey-cs-latency/FreeRTOS/Source/tasks.o
 *fill*         0x0000000080000141        0x3 
 .rodata.prvProcessReceivedCommands
                0x0000000080000144       0x28 build//home/aaron/FreeRTOS-Briey-cs-latency/FreeRTOS/Source/timers.o
 .rodata.prvCheckForValidListAndQueue.str1.4
                0x000000008000016c        0x5 build//home/aaron/FreeRTOS-Briey-cs-latency/FreeRTOS/Source/timers.o
 *fill*         0x0000000080000171        0x3 
 .rodata.xTimerCreateTimerTask.str1.4
                0x0000000080000174        0x8 build//home/aaron/FreeRTOS-Briey-cs-latency/FreeRTOS/Source/timers.o
 .rodata        0x000000008000017c      0x100 /opt/riscv/lib/gcc/riscv64-unknown-elf/12.2.0/rv32imac/ilp32/libgcc.a(_clz.o)
                0x000000008000017c                __clz_tab
 .rodata._svfprintf_r.str1.4
                0x000000008000027c       0x42 /opt/riscv/lib/gcc/riscv64-unknown-elf/12.2.0/../../../../riscv64-unknown-elf/lib/rv32imac/ilp32/libc.a(lib_a-svfprintf.o)
 *fill*         0x00000000800002be        0x2 
 .rodata._svfprintf_r
                0x00000000800002c0      0x204 /opt/riscv/lib/gcc/riscv64-unknown-elf/12.2.0/../../../../riscv64-unknown-elf/lib/rv32imac/ilp32/libc.a(lib_a-svfprintf.o)
 .rodata.zeroes.0
                0x00000000800004c4       0x10 /opt/riscv/lib/gcc/riscv64-unknown-elf/12.2.0/../../../../riscv64-unknown-elf/lib/rv32imac/ilp32/libc.a(lib_a-svfprintf.o)
 .rodata.blanks.1
                0x00000000800004d4       0x10 /opt/riscv/lib/gcc/riscv64-unknown-elf/12.2.0/../../../../riscv64-unknown-elf/lib/rv32imac/ilp32/libc.a(lib_a-svfprintf.o)
 .rodata._ldtoa_r.str1.4
                0x00000000800004e4       0x86 /opt/riscv/lib/gcc/riscv64-unknown-elf/12.2.0/../../../../riscv64-unknown-elf/lib/rv32imac/ilp32/libc.a(lib_a-ldtoa.o)
 *fill*         0x000000008000056a        0x2 
 .rodata.bmask  0x000000008000056c       0x22 /opt/riscv/lib/gcc/riscv64-unknown-elf/12.2.0/../../../../riscv64-unknown-elf/lib/rv32imac/ilp32/libc.a(lib_a-ldtoa.o)
 *fill*         0x000000008000058e        0x2 
 .rodata.emtens
                0x0000000080000590      0x104 /opt/riscv/lib/gcc/riscv64-unknown-elf/12.2.0/../../../../riscv64-unknown-elf/lib/rv32imac/ilp32/libc.a(lib_a-ldtoa.o)
 .rodata.etens  0x0000000080000694      0x104 /opt/riscv/lib/gcc/riscv64-unknown-elf/12.2.0/../../../../riscv64-unknown-elf/lib/rv32imac/ilp32/libc.a(lib_a-ldtoa.o)
 .rodata.eone   0x0000000080000798       0x14 /opt/riscv/lib/gcc/riscv64-unknown-elf/12.2.0/../../../../riscv64-unknown-elf/lib/rv32imac/ilp32/libc.a(lib_a-ldtoa.o)
 .rodata.ezero  0x00000000800007ac       0x14 /opt/riscv/lib/gcc/riscv64-unknown-elf/12.2.0/../../../../riscv64-unknown-elf/lib/rv32imac/ilp32/libc.a(lib_a-ldtoa.o)
 .rodata._setlocale_r.str1.4
                0x00000000800007c0        0xa /opt/riscv/lib/gcc/riscv64-unknown-elf/12.2.0/../../../../riscv64-unknown-elf/lib/rv32imac/ilp32/libc.a(lib_a-locale.o)
                                          0xd (size before relaxing)
 *fill*         0x00000000800007ca        0x2 
 .rodata.str1.4
                0x00000000800007cc        0x2 /opt/riscv/lib/gcc/riscv64-unknown-elf/12.2.0/../../../../riscv64-unknown-elf/lib/rv32imac/ilp32/libc.a(lib_a-locale.o)
 *fill*         0x00000000800007ce        0x2 
 .rodata.__assert_func.str1.4
                0x00000000800007d0       0x3f /opt/riscv/lib/gcc/riscv64-unknown-elf/12.2.0/../../../../riscv64-unknown-elf/lib/rv32imac/ilp32/libc.a(lib_a-assert.o)
                                         0x43 (size before relaxing)
 *fill*         0x000000008000080f        0x1 
 .rodata._ctype_
                0x0000000080000810      0x101 /opt/riscv/lib/gcc/riscv64-unknown-elf/12.2.0/../../../../riscv64-unknown-elf/lib/rv32imac/ilp32/libc.a(lib_a-ctype_.o)
                0x0000000080000810                _ctype_
 .rodata._vfiprintf_r.str1.4
                0x0000000080000911       0x2f /opt/riscv/lib/gcc/riscv64-unknown-elf/12.2.0/../../../../riscv64-unknown-elf/lib/rv32imac/ilp32/libc.a(lib_a-vfiprintf.o)
 *fill*         0x0000000080000911        0x3 
 .rodata._vfiprintf_r
                0x0000000080000914      0x16c /opt/riscv/lib/gcc/riscv64-unknown-elf/12.2.0/../../../../riscv64-unknown-elf/lib/rv32imac/ilp32/libc.a(lib_a-vfiprintf.o)
 .rodata.zeroes.0
                0x0000000080000a80       0x10 /opt/riscv/lib/gcc/riscv64-unknown-elf/12.2.0/../../../../riscv64-unknown-elf/lib/rv32imac/ilp32/libc.a(lib_a-vfiprintf.o)
 .rodata.blanks.1
                0x0000000080000a90       0x10 /opt/riscv/lib/gcc/riscv64-unknown-elf/12.2.0/../../../../riscv64-unknown-elf/lib/rv32imac/ilp32/libc.a(lib_a-vfiprintf.o)
 *(.gnu.linkonce.r.*)
                0x0000000080000aa0                . = ALIGN (0x4)
                0x0000000080000aa0                _erodata = .

.rela.dyn       0x0000000080000aa0        0x0
 .rela.init     0x0000000080000aa0        0x0 build/main.o

.data.align     0x000000004000b802        0x2 load address 0x0000000080000aa0
                0x000000004000b804                . = ALIGN (0x4)
 *fill*         0x000000004000b802        0x2 
                0x000000004000b804                _data = .

.data.start     0x000000004000b804        0x0
                0x000000004000b804                _data_lma = LOADADDR (.data.start)

.data           0x000000004000b808      0x9c4
 *(.data .data.*)
 .data.impure_data
                0x000000004000b808      0x428 /opt/riscv/lib/gcc/riscv64-unknown-elf/12.2.0/../../../../riscv64-unknown-elf/lib/rv32imac/ilp32/libc.a(lib_a-impure.o)
 .data.__global_locale
                0x000000004000bc30      0x16c /opt/riscv/lib/gcc/riscv64-unknown-elf/12.2.0/../../../../riscv64-unknown-elf/lib/rv32imac/ilp32/libc.a(lib_a-locale.o)
                0x000000004000bc30                __global_locale
 .data.__malloc_av_
                0x000000004000bd9c      0x408 /opt/riscv/lib/gcc/riscv64-unknown-elf/12.2.0/../../../../riscv64-unknown-elf/lib/rv32imac/ilp32/libc.a(lib_a-mallocr.o)
                0x000000004000bd9c                __malloc_av_
 *(.gnu.linkonce.d.*)
                0x000000004000c1a8                . = ALIGN (0x8)
 *fill*         0x000000004000c1a4        0x4 
                0x000000004000c9a8                PROVIDE (__global_pointer$ = (. + 0x800))
 *(.sdata .sdata.*)
 .sdata.uxTopUsedPriority
                0x000000004000c1a8        0x4 build//home/aaron/FreeRTOS-Briey-cs-latency/FreeRTOS/Source/tasks.o
                0x000000004000c1a8                uxTopUsedPriority
 .sdata.pxCriticalNesting
                0x000000004000c1ac        0x4 build//home/aaron/FreeRTOS-Briey-cs-latency/FreeRTOS/Source/portable/GCC/RISC-V/port.o
                0x000000004000c1ac                pxCriticalNesting
 .sdata.xCriticalNesting
                0x000000004000c1b0        0x4 build//home/aaron/FreeRTOS-Briey-cs-latency/FreeRTOS/Source/portable/GCC/RISC-V/port.o
                0x000000004000c1b0                xCriticalNesting
 .sdata._impure_ptr
                0x000000004000c1b4        0x4 /opt/riscv/lib/gcc/riscv64-unknown-elf/12.2.0/../../../../riscv64-unknown-elf/lib/rv32imac/ilp32/libc.a(lib_a-impure.o)
                0x000000004000c1b4                _impure_ptr
 .sdata.__malloc_sbrk_base
                0x000000004000c1b8        0x4 /opt/riscv/lib/gcc/riscv64-unknown-elf/12.2.0/../../../../riscv64-unknown-elf/lib/rv32imac/ilp32/libc.a(lib_a-mallocr.o)
                0x000000004000c1b8                __malloc_sbrk_base
 .sdata.__malloc_trim_threshold
                0x000000004000c1bc        0x4 /opt/riscv/lib/gcc/riscv64-unknown-elf/12.2.0/../../../../riscv64-unknown-elf/lib/rv32imac/ilp32/libc.a(lib_a-mallocr.o)
                0x000000004000c1bc                __malloc_trim_threshold
 *(.sdata2 .sdata2.*)
 *(.gnu.linkonce.s.*)
                0x000000004000c1c0                . = ALIGN (0x8)
 *(.srodata.cst16)
 *(.srodata.cst8)
 .srodata.cst8  0x000000004000c1c0        0x8 /opt/riscv/lib/gcc/riscv64-unknown-elf/12.2.0/../../../../riscv64-unknown-elf/lib/rv32imac/ilp32/libc.a(lib_a-s_frexp.o)
 *(.srodata.cst4)
 *(.srodata.cst2)
 *(.srodata .srodata.*)
 .srodata.xISRStackTop
                0x000000004000c1c8        0x4 build//home/aaron/FreeRTOS-Briey-cs-latency/FreeRTOS/Source/portable/GCC/RISC-V/port.o
                0x000000004000c1c8                xISRStackTop
                0x000000004000c1cc                . = ALIGN (0x4)
                0x000000004000c1cc                _edata = .

.bss.align      0x000000004000c1cc        0x0 load address 0x0000000080000aa0
                0x000000004000c1cc                . = ALIGN (0x4)
                0x000000004000c1cc                _bss = .

.bss.start      0x000000004000c1cc        0x0 load address 0x0000000080000aa0
                0x0000000080000aa0                _bss_lma = LOADADDR (.bss.start)

.bss            0x000000004000c1d0    0x11e08 load address 0x0000000080000aa0
 *(.sbss*)
 .sbss.xQueue   0x000000004000c1d0        0x4 build/main_blinky.o
 .sbss.uxSchedulerSuspended
                0x000000004000c1d4        0x4 build//home/aaron/FreeRTOS-Briey-cs-latency/FreeRTOS/Source/tasks.o
 .sbss.xIdleTaskHandle
                0x000000004000c1d8        0x4 build//home/aaron/FreeRTOS-Briey-cs-latency/FreeRTOS/Source/tasks.o
 .sbss.xNextTaskUnblockTime
                0x000000004000c1dc        0x4 build//home/aaron/FreeRTOS-Briey-cs-latency/FreeRTOS/Source/tasks.o
 .sbss.uxTaskNumber
                0x000000004000c1e0        0x4 build//home/aaron/FreeRTOS-Briey-cs-latency/FreeRTOS/Source/tasks.o
 .sbss.xNumOfOverflows
                0x000000004000c1e4        0x4 build//home/aaron/FreeRTOS-Briey-cs-latency/FreeRTOS/Source/tasks.o
 .sbss.xYieldPending
                0x000000004000c1e8        0x4 build//home/aaron/FreeRTOS-Briey-cs-latency/FreeRTOS/Source/tasks.o
 .sbss.xPendedTicks
                0x000000004000c1ec        0x4 build//home/aaron/FreeRTOS-Briey-cs-latency/FreeRTOS/Source/tasks.o
 .sbss.xSchedulerRunning
                0x000000004000c1f0        0x4 build//home/aaron/FreeRTOS-Briey-cs-latency/FreeRTOS/Source/tasks.o
 .sbss.uxTopReadyPriority
                0x000000004000c1f4        0x4 build//home/aaron/FreeRTOS-Briey-cs-latency/FreeRTOS/Source/tasks.o
 .sbss.xTickCount
                0x000000004000c1f8        0x4 build//home/aaron/FreeRTOS-Briey-cs-latency/FreeRTOS/Source/tasks.o
 .sbss.uxCurrentNumberOfTasks
                0x000000004000c1fc        0x4 build//home/aaron/FreeRTOS-Briey-cs-latency/FreeRTOS/Source/tasks.o
 .sbss.uxDeletedTasksWaitingCleanUp
                0x000000004000c200        0x4 build//home/aaron/FreeRTOS-Briey-cs-latency/FreeRTOS/Source/tasks.o
 .sbss.pxOverflowDelayedTaskList
                0x000000004000c204        0x4 build//home/aaron/FreeRTOS-Briey-cs-latency/FreeRTOS/Source/tasks.o
 .sbss.pxDelayedTaskList
                0x000000004000c208        0x4 build//home/aaron/FreeRTOS-Briey-cs-latency/FreeRTOS/Source/tasks.o
 .sbss.pxCurrentTCB
                0x000000004000c20c        0x4 build//home/aaron/FreeRTOS-Briey-cs-latency/FreeRTOS/Source/tasks.o
                0x000000004000c20c                pxCurrentTCB
 .sbss.xLastTime.0
                0x000000004000c210        0x4 build//home/aaron/FreeRTOS-Briey-cs-latency/FreeRTOS/Source/timers.o
 .sbss.xTimerTaskHandle
                0x000000004000c214        0x4 build//home/aaron/FreeRTOS-Briey-cs-latency/FreeRTOS/Source/timers.o
 .sbss.xTimerQueue
                0x000000004000c218        0x4 build//home/aaron/FreeRTOS-Briey-cs-latency/FreeRTOS/Source/timers.o
 .sbss.pxOverflowTimerList
                0x000000004000c21c        0x4 build//home/aaron/FreeRTOS-Briey-cs-latency/FreeRTOS/Source/timers.o
 .sbss.pxCurrentTimerList
                0x000000004000c220        0x4 build//home/aaron/FreeRTOS-Briey-cs-latency/FreeRTOS/Source/timers.o
 .sbss.xNumberOfSuccessfulFrees
                0x000000004000c224        0x4 build//home/aaron/FreeRTOS-Briey-cs-latency/FreeRTOS/Source/portable/MemMang/heap_4.o
 .sbss.xNumberOfSuccessfulAllocations
                0x000000004000c228        0x4 build//home/aaron/FreeRTOS-Briey-cs-latency/FreeRTOS/Source/portable/MemMang/heap_4.o
 .sbss.xMinimumEverFreeBytesRemaining
                0x000000004000c22c        0x4 build//home/aaron/FreeRTOS-Briey-cs-latency/FreeRTOS/Source/portable/MemMang/heap_4.o
 .sbss.xFreeBytesRemaining
                0x000000004000c230        0x4 build//home/aaron/FreeRTOS-Briey-cs-latency/FreeRTOS/Source/portable/MemMang/heap_4.o
 .sbss.pxEnd    0x000000004000c234        0x4 build//home/aaron/FreeRTOS-Briey-cs-latency/FreeRTOS/Source/portable/MemMang/heap_4.o
 .sbss.xStart   0x000000004000c238        0x8 build//home/aaron/FreeRTOS-Briey-cs-latency/FreeRTOS/Source/portable/MemMang/heap_4.o
 .sbss.xTaskReturnAddress
                0x000000004000c240        0x4 build//home/aaron/FreeRTOS-Briey-cs-latency/FreeRTOS/Source/portable/GCC/RISC-V/port.o
                0x000000004000c240                xTaskReturnAddress
 .sbss.__malloc_max_total_mem
                0x000000004000c244        0x4 /opt/riscv/lib/gcc/riscv64-unknown-elf/12.2.0/../../../../riscv64-unknown-elf/lib/rv32imac/ilp32/libc.a(lib_a-mallocr.o)
                0x000000004000c244                __malloc_max_total_mem
 .sbss.__malloc_max_sbrked_mem
                0x000000004000c248        0x4 /opt/riscv/lib/gcc/riscv64-unknown-elf/12.2.0/../../../../riscv64-unknown-elf/lib/rv32imac/ilp32/libc.a(lib_a-mallocr.o)
                0x000000004000c248                __malloc_max_sbrked_mem
 .sbss.__malloc_top_pad
                0x000000004000c24c        0x4 /opt/riscv/lib/gcc/riscv64-unknown-elf/12.2.0/../../../../riscv64-unknown-elf/lib/rv32imac/ilp32/libc.a(lib_a-mallocr.o)
                0x000000004000c24c                __malloc_top_pad
 .sbss.errno    0x000000004000c250        0x4 /opt/riscv/lib/gcc/riscv64-unknown-elf/12.2.0/../../../../riscv64-unknown-elf/lib/rv32imac/ilp32/libc.a(lib_a-reent.o)
                0x000000004000c250                errno
 .sbss.heap_end.0
                0x000000004000c254        0x4 /opt/riscv/lib/gcc/riscv64-unknown-elf/12.2.0/../../../../riscv64-unknown-elf/lib/rv32imac/ilp32/libgloss.a(sys_sbrk.o)
 *(.gnu.linkonce.sb.*)
 *(.bss .bss.*)
 .bss.xQueueRegistry
                0x000000004000c258       0x40 build//home/aaron/FreeRTOS-Briey-cs-latency/FreeRTOS/Source/queue.o
                0x000000004000c258                xQueueRegistry
 .bss.xSuspendedTaskList
                0x000000004000c298       0x14 build//home/aaron/FreeRTOS-Briey-cs-latency/FreeRTOS/Source/tasks.o
 .bss.xTasksWaitingTermination
                0x000000004000c2ac       0x14 build//home/aaron/FreeRTOS-Briey-cs-latency/FreeRTOS/Source/tasks.o
 .bss.xPendingReadyList
                0x000000004000c2c0       0x14 build//home/aaron/FreeRTOS-Briey-cs-latency/FreeRTOS/Source/tasks.o
 .bss.xDelayedTaskList2
                0x000000004000c2d4       0x14 build//home/aaron/FreeRTOS-Briey-cs-latency/FreeRTOS/Source/tasks.o
 .bss.xDelayedTaskList1
                0x000000004000c2e8       0x14 build//home/aaron/FreeRTOS-Briey-cs-latency/FreeRTOS/Source/tasks.o
 .bss.pxReadyTasksLists
                0x000000004000c2fc       0x8c build//home/aaron/FreeRTOS-Briey-cs-latency/FreeRTOS/Source/tasks.o
 .bss.xActiveTimerList2
                0x000000004000c388       0x14 build//home/aaron/FreeRTOS-Briey-cs-latency/FreeRTOS/Source/timers.o
 .bss.xActiveTimerList1
                0x000000004000c39c       0x14 build//home/aaron/FreeRTOS-Briey-cs-latency/FreeRTOS/Source/timers.o
 .bss.ucHeap    0x000000004000c3b0     0xfbf4 build//home/aaron/FreeRTOS-Briey-cs-latency/FreeRTOS/Source/portable/MemMang/heap_4.o
 *fill*         0x000000004001bfa4        0xc 
 .bss.xISRStack
                0x000000004001bfb0     0x2000 build//home/aaron/FreeRTOS-Briey-cs-latency/FreeRTOS/Source/portable/GCC/RISC-V/port.o
 .bss.__malloc_current_mallinfo
                0x000000004001dfb0       0x28 /opt/riscv/lib/gcc/riscv64-unknown-elf/12.2.0/../../../../riscv64-unknown-elf/lib/rv32imac/ilp32/libc.a(lib_a-mallocr.o)
                0x000000004001dfb0                __malloc_current_mallinfo
 *(.gnu.linkonce.b.*)
 *(COMMON)
                0x000000004001dfd8                . = ALIGN (0x4)
                0x000000004001dfd8                _ebss = .
                0x000000004001dfd8                . = ALIGN (0x8)
                0x000000004001dfd8                _end = .

.stack          0x000000004001dfd8      0x134
                0x000000004001dfe0                . = ALIGN (0x10)
 *fill*         0x000000004001dfd8        0x8 
                0x000000004001e10c                . = (. + __stack_size)
 *fill*         0x000000004001dfe0      0x12c 
                0x000000004001e10c                _stack_top = .
OUTPUT(build/RTOSDemo.axf elf32-littleriscv)

.debug_info     0x0000000000000000     0xac6c
 .debug_info    0x0000000000000000      0x391 build/main.o
 .debug_info    0x0000000000000391      0x5da build/main_blinky.o
 .debug_info    0x000000000000096b      0x44d build/riscv-briey.o
 .debug_info    0x0000000000000db8      0x32e build/Vex_libs/uart.o
 .debug_info    0x00000000000010e6       0xf0 build/Vex_libs/timer.o
 .debug_info    0x00000000000011d6      0x1eb build/Vex_libs/interrupt.o
 .debug_info    0x00000000000013c1       0xdc build/Vex_libs/prescaler.o
 .debug_info    0x000000000000149d      0x2ab build//home/aaron/FreeRTOS-Briey-cs-latency/FreeRTOS/Source/list.o
 .debug_info    0x0000000000001748     0x1af8 build//home/aaron/FreeRTOS-Briey-cs-latency/FreeRTOS/Source/queue.o
 .debug_info    0x0000000000003240     0x2472 build//home/aaron/FreeRTOS-Briey-cs-latency/FreeRTOS/Source/tasks.o
 .debug_info    0x00000000000056b2     0x126f build//home/aaron/FreeRTOS-Briey-cs-latency/FreeRTOS/Source/timers.o
 .debug_info    0x0000000000006921      0x5cc build//home/aaron/FreeRTOS-Briey-cs-latency/FreeRTOS/Source/portable/MemMang/heap_4.o
 .debug_info    0x0000000000006eed      0x2e3 build//home/aaron/FreeRTOS-Briey-cs-latency/FreeRTOS/Source/portable/GCC/RISC-V/port.o
 .debug_info    0x00000000000071d0       0x25 build/start.o
 .debug_info    0x00000000000071f5       0x23 build//home/aaron/FreeRTOS-Briey-cs-latency/FreeRTOS/Source/portable/GCC/RISC-V/portASM.o
 .debug_info    0x0000000000007218      0x142 /opt/riscv/lib/gcc/riscv64-unknown-elf/12.2.0/rv32imac/ilp32/libgcc.a(_clzsi2.o)
 .debug_info    0x000000000000735a       0xd8 /opt/riscv/lib/gcc/riscv64-unknown-elf/12.2.0/rv32imac/ilp32/libgcc.a(_clz.o)
 .debug_info    0x0000000000007432      0x6b4 /opt/riscv/lib/gcc/riscv64-unknown-elf/12.2.0/rv32imac/ilp32/libgcc.a(muldf3.o)
 .debug_info    0x0000000000007ae6      0x228 /opt/riscv/lib/gcc/riscv64-unknown-elf/12.2.0/rv32imac/ilp32/libgcc.a(eqtf2.o)
 .debug_info    0x0000000000007d0e      0x22a /opt/riscv/lib/gcc/riscv64-unknown-elf/12.2.0/rv32imac/ilp32/libgcc.a(getf2.o)
 .debug_info    0x0000000000007f38      0x22a /opt/riscv/lib/gcc/riscv64-unknown-elf/12.2.0/rv32imac/ilp32/libgcc.a(letf2.o)
 .debug_info    0x0000000000008162     0x10bb /opt/riscv/lib/gcc/riscv64-unknown-elf/12.2.0/rv32imac/ilp32/libgcc.a(multf3.o)
 .debug_info    0x000000000000921d      0xcac /opt/riscv/lib/gcc/riscv64-unknown-elf/12.2.0/rv32imac/ilp32/libgcc.a(subtf3.o)
 .debug_info    0x0000000000009ec9      0x254 /opt/riscv/lib/gcc/riscv64-unknown-elf/12.2.0/rv32imac/ilp32/libgcc.a(fixtfsi.o)
 .debug_info    0x000000000000a11d      0x339 /opt/riscv/lib/gcc/riscv64-unknown-elf/12.2.0/rv32imac/ilp32/libgcc.a(floatsitf.o)
 .debug_info    0x000000000000a456      0x398 /opt/riscv/lib/gcc/riscv64-unknown-elf/12.2.0/rv32imac/ilp32/libgcc.a(extenddftf2.o)
 .debug_info    0x000000000000a7ee      0x47e /opt/riscv/lib/gcc/riscv64-unknown-elf/12.2.0/rv32imac/ilp32/libgcc.a(trunctfdf2.o)

.debug_abbrev   0x0000000000000000     0x26e3
 .debug_abbrev  0x0000000000000000      0x191 build/main.o
 .debug_abbrev  0x0000000000000191      0x1e7 build/main_blinky.o
 .debug_abbrev  0x0000000000000378      0x176 build/riscv-briey.o
 .debug_abbrev  0x00000000000004ee      0x15e build/Vex_libs/uart.o
 .debug_abbrev  0x000000000000064c       0x99 build/Vex_libs/timer.o
 .debug_abbrev  0x00000000000006e5       0xb2 build/Vex_libs/interrupt.o
 .debug_abbrev  0x0000000000000797       0x97 build/Vex_libs/prescaler.o
 .debug_abbrev  0x000000000000082e      0x118 build//home/aaron/FreeRTOS-Briey-cs-latency/FreeRTOS/Source/list.o
 .debug_abbrev  0x0000000000000946      0x2c9 build//home/aaron/FreeRTOS-Briey-cs-latency/FreeRTOS/Source/queue.o
 .debug_abbrev  0x0000000000000c0f      0x35a build//home/aaron/FreeRTOS-Briey-cs-latency/FreeRTOS/Source/tasks.o
 .debug_abbrev  0x0000000000000f69      0x2ab build//home/aaron/FreeRTOS-Briey-cs-latency/FreeRTOS/Source/timers.o
 .debug_abbrev  0x0000000000001214      0x260 build//home/aaron/FreeRTOS-Briey-cs-latency/FreeRTOS/Source/portable/MemMang/heap_4.o
 .debug_abbrev  0x0000000000001474      0x18d build//home/aaron/FreeRTOS-Briey-cs-latency/FreeRTOS/Source/portable/GCC/RISC-V/port.o
 .debug_abbrev  0x0000000000001601       0x14 build/start.o
 .debug_abbrev  0x0000000000001615       0x12 build//home/aaron/FreeRTOS-Briey-cs-latency/FreeRTOS/Source/portable/GCC/RISC-V/portASM.o
 .debug_abbrev  0x0000000000001627       0xca /opt/riscv/lib/gcc/riscv64-unknown-elf/12.2.0/rv32imac/ilp32/libgcc.a(_clzsi2.o)
 .debug_abbrev  0x00000000000016f1       0x70 /opt/riscv/lib/gcc/riscv64-unknown-elf/12.2.0/rv32imac/ilp32/libgcc.a(_clz.o)
 .debug_abbrev  0x0000000000001761      0x185 /opt/riscv/lib/gcc/riscv64-unknown-elf/12.2.0/rv32imac/ilp32/libgcc.a(muldf3.o)
 .debug_abbrev  0x00000000000018e6      0x161 /opt/riscv/lib/gcc/riscv64-unknown-elf/12.2.0/rv32imac/ilp32/libgcc.a(eqtf2.o)
 .debug_abbrev  0x0000000000001a47      0x177 /opt/riscv/lib/gcc/riscv64-unknown-elf/12.2.0/rv32imac/ilp32/libgcc.a(getf2.o)
 .debug_abbrev  0x0000000000001bbe      0x177 /opt/riscv/lib/gcc/riscv64-unknown-elf/12.2.0/rv32imac/ilp32/libgcc.a(letf2.o)
 .debug_abbrev  0x0000000000001d35      0x1a0 /opt/riscv/lib/gcc/riscv64-unknown-elf/12.2.0/rv32imac/ilp32/libgcc.a(multf3.o)
 .debug_abbrev  0x0000000000001ed5      0x1d9 /opt/riscv/lib/gcc/riscv64-unknown-elf/12.2.0/rv32imac/ilp32/libgcc.a(subtf3.o)
 .debug_abbrev  0x00000000000020ae      0x17f /opt/riscv/lib/gcc/riscv64-unknown-elf/12.2.0/rv32imac/ilp32/libgcc.a(fixtfsi.o)
 .debug_abbrev  0x000000000000222d      0x19f /opt/riscv/lib/gcc/riscv64-unknown-elf/12.2.0/rv32imac/ilp32/libgcc.a(floatsitf.o)
 .debug_abbrev  0x00000000000023cc      0x197 /opt/riscv/lib/gcc/riscv64-unknown-elf/12.2.0/rv32imac/ilp32/libgcc.a(extenddftf2.o)
 .debug_abbrev  0x0000000000002563      0x180 /opt/riscv/lib/gcc/riscv64-unknown-elf/12.2.0/rv32imac/ilp32/libgcc.a(trunctfdf2.o)

.debug_aranges  0x0000000000000000      0x7e0
 .debug_aranges
                0x0000000000000000       0x48 build/main.o
 .debug_aranges
                0x0000000000000048       0x30 build/main_blinky.o
 .debug_aranges
                0x0000000000000078       0x38 build/riscv-briey.o
 .debug_aranges
                0x00000000000000b0       0x38 build/Vex_libs/uart.o
 .debug_aranges
                0x00000000000000e8       0x20 build/Vex_libs/timer.o
 .debug_aranges
                0x0000000000000108       0x20 build/Vex_libs/interrupt.o
 .debug_aranges
                0x0000000000000128       0x20 build/Vex_libs/prescaler.o
 .debug_aranges
                0x0000000000000148       0x40 build//home/aaron/FreeRTOS-Briey-cs-latency/FreeRTOS/Source/list.o
 .debug_aranges
                0x0000000000000188      0x128 build//home/aaron/FreeRTOS-Briey-cs-latency/FreeRTOS/Source/queue.o
 .debug_aranges
                0x00000000000002b0      0x1e0 build//home/aaron/FreeRTOS-Briey-cs-latency/FreeRTOS/Source/tasks.o
 .debug_aranges
                0x0000000000000490       0xe8 build//home/aaron/FreeRTOS-Briey-cs-latency/FreeRTOS/Source/timers.o
 .debug_aranges
                0x0000000000000578       0x60 build//home/aaron/FreeRTOS-Briey-cs-latency/FreeRTOS/Source/portable/MemMang/heap_4.o
 .debug_aranges
                0x00000000000005d8       0x30 build//home/aaron/FreeRTOS-Briey-cs-latency/FreeRTOS/Source/portable/GCC/RISC-V/port.o
 .debug_aranges
                0x0000000000000608       0x20 build/start.o
 .debug_aranges
                0x0000000000000628       0x40 build//home/aaron/FreeRTOS-Briey-cs-latency/FreeRTOS/Source/portable/GCC/RISC-V/portASM.o
 .debug_aranges
                0x0000000000000668       0x20 /opt/riscv/lib/gcc/riscv64-unknown-elf/12.2.0/rv32imac/ilp32/libgcc.a(_clzsi2.o)
 .debug_aranges
                0x0000000000000688       0x18 /opt/riscv/lib/gcc/riscv64-unknown-elf/12.2.0/rv32imac/ilp32/libgcc.a(_clz.o)
 .debug_aranges
                0x00000000000006a0       0x20 /opt/riscv/lib/gcc/riscv64-unknown-elf/12.2.0/rv32imac/ilp32/libgcc.a(muldf3.o)
 .debug_aranges
                0x00000000000006c0       0x20 /opt/riscv/lib/gcc/riscv64-unknown-elf/12.2.0/rv32imac/ilp32/libgcc.a(eqtf2.o)
 .debug_aranges
                0x00000000000006e0       0x20 /opt/riscv/lib/gcc/riscv64-unknown-elf/12.2.0/rv32imac/ilp32/libgcc.a(getf2.o)
 .debug_aranges
                0x0000000000000700       0x20 /opt/riscv/lib/gcc/riscv64-unknown-elf/12.2.0/rv32imac/ilp32/libgcc.a(letf2.o)
 .debug_aranges
                0x0000000000000720       0x20 /opt/riscv/lib/gcc/riscv64-unknown-elf/12.2.0/rv32imac/ilp32/libgcc.a(multf3.o)
 .debug_aranges
                0x0000000000000740       0x20 /opt/riscv/lib/gcc/riscv64-unknown-elf/12.2.0/rv32imac/ilp32/libgcc.a(subtf3.o)
 .debug_aranges
                0x0000000000000760       0x20 /opt/riscv/lib/gcc/riscv64-unknown-elf/12.2.0/rv32imac/ilp32/libgcc.a(fixtfsi.o)
 .debug_aranges
                0x0000000000000780       0x20 /opt/riscv/lib/gcc/riscv64-unknown-elf/12.2.0/rv32imac/ilp32/libgcc.a(floatsitf.o)
 .debug_aranges
                0x00000000000007a0       0x20 /opt/riscv/lib/gcc/riscv64-unknown-elf/12.2.0/rv32imac/ilp32/libgcc.a(extenddftf2.o)
 .debug_aranges
                0x00000000000007c0       0x20 /opt/riscv/lib/gcc/riscv64-unknown-elf/12.2.0/rv32imac/ilp32/libgcc.a(trunctfdf2.o)

.debug_rnglists
                0x0000000000000000     0x1a82
 .debug_rnglists
                0x0000000000000000       0x43 build/main.o
 .debug_rnglists
                0x0000000000000043       0x4e build/main_blinky.o
 .debug_rnglists
                0x0000000000000091       0x31 build/riscv-briey.o
 .debug_rnglists
                0x00000000000000c2       0x31 build/Vex_libs/uart.o
 .debug_rnglists
                0x00000000000000f3       0x16 build/Vex_libs/timer.o
 .debug_rnglists
                0x0000000000000109       0x16 build/Vex_libs/interrupt.o
 .debug_rnglists
                0x000000000000011f       0x16 build/Vex_libs/prescaler.o
 .debug_rnglists
                0x0000000000000135       0x3a build//home/aaron/FreeRTOS-Briey-cs-latency/FreeRTOS/Source/list.o
 .debug_rnglists
                0x000000000000016f      0x217 build//home/aaron/FreeRTOS-Briey-cs-latency/FreeRTOS/Source/queue.o
 .debug_rnglists
                0x0000000000000386      0x3fb build//home/aaron/FreeRTOS-Briey-cs-latency/FreeRTOS/Source/tasks.o
 .debug_rnglists
                0x0000000000000781       0xf7 build//home/aaron/FreeRTOS-Briey-cs-latency/FreeRTOS/Source/timers.o
 .debug_rnglists
                0x0000000000000878       0x5e build//home/aaron/FreeRTOS-Briey-cs-latency/FreeRTOS/Source/portable/MemMang/heap_4.o
 .debug_rnglists
                0x00000000000008d6       0x28 build//home/aaron/FreeRTOS-Briey-cs-latency/FreeRTOS/Source/portable/GCC/RISC-V/port.o
 .debug_rnglists
                0x00000000000008fe       0x30 build//home/aaron/FreeRTOS-Briey-cs-latency/FreeRTOS/Source/portable/GCC/RISC-V/portASM.o
 .debug_rnglists
                0x000000000000092e       0x28 /opt/riscv/lib/gcc/riscv64-unknown-elf/12.2.0/rv32imac/ilp32/libgcc.a(_clzsi2.o)
 .debug_rnglists
                0x0000000000000956      0x1e6 /opt/riscv/lib/gcc/riscv64-unknown-elf/12.2.0/rv32imac/ilp32/libgcc.a(muldf3.o)
 .debug_rnglists
                0x0000000000000b3c       0x5f /opt/riscv/lib/gcc/riscv64-unknown-elf/12.2.0/rv32imac/ilp32/libgcc.a(eqtf2.o)
 .debug_rnglists
                0x0000000000000b9b       0x84 /opt/riscv/lib/gcc/riscv64-unknown-elf/12.2.0/rv32imac/ilp32/libgcc.a(getf2.o)
 .debug_rnglists
                0x0000000000000c1f       0x84 /opt/riscv/lib/gcc/riscv64-unknown-elf/12.2.0/rv32imac/ilp32/libgcc.a(letf2.o)
 .debug_rnglists
                0x0000000000000ca3      0x591 /opt/riscv/lib/gcc/riscv64-unknown-elf/12.2.0/rv32imac/ilp32/libgcc.a(multf3.o)
 .debug_rnglists
                0x0000000000001234      0x5dd /opt/riscv/lib/gcc/riscv64-unknown-elf/12.2.0/rv32imac/ilp32/libgcc.a(subtf3.o)
 .debug_rnglists
                0x0000000000001811       0x7b /opt/riscv/lib/gcc/riscv64-unknown-elf/12.2.0/rv32imac/ilp32/libgcc.a(fixtfsi.o)
 .debug_rnglists
                0x000000000000188c       0x85 /opt/riscv/lib/gcc/riscv64-unknown-elf/12.2.0/rv32imac/ilp32/libgcc.a(floatsitf.o)
 .debug_rnglists
                0x0000000000001911       0x60 /opt/riscv/lib/gcc/riscv64-unknown-elf/12.2.0/rv32imac/ilp32/libgcc.a(extenddftf2.o)
 .debug_rnglists
                0x0000000000001971      0x111 /opt/riscv/lib/gcc/riscv64-unknown-elf/12.2.0/rv32imac/ilp32/libgcc.a(trunctfdf2.o)

.debug_macro    0x0000000000000000     0x3892
 .debug_macro   0x0000000000000000      0x142 build/main.o
 .debug_macro   0x0000000000000142      0x772 build/main.o
 .debug_macro   0x00000000000008b4      0x189 build/main.o
 .debug_macro   0x0000000000000a3d       0x22 build/main.o
 .debug_macro   0x0000000000000a5f       0x8e build/main.o
 .debug_macro   0x0000000000000aed       0x51 build/main.o
 .debug_macro   0x0000000000000b3e      0x103 build/main.o
 .debug_macro   0x0000000000000c41       0x6a build/main.o
 .debug_macro   0x0000000000000cab      0x1df build/main.o
 .debug_macro   0x0000000000000e8a       0x22 build/main.o
 .debug_macro   0x0000000000000eac       0x2e build/main.o
 .debug_macro   0x0000000000000eda      0x10c build/main.o
 .debug_macro   0x0000000000000fe6      0x15a build/main.o
 .debug_macro   0x0000000000001140       0xd3 build/main.o
 .debug_macro   0x0000000000001213       0x28 build/main.o
 .debug_macro   0x000000000000123b       0x1f build/main.o
 .debug_macro   0x000000000000125a       0x12 build/main.o
 .debug_macro   0x000000000000126c      0x511 build/main.o
 .debug_macro   0x000000000000177d       0xc3 build/main.o
 .debug_macro   0x0000000000001840      0x120 build/main.o
 .debug_macro   0x0000000000001960       0x4c build/main.o
 .debug_macro   0x00000000000019ac      0x272 build/main_blinky.o
 .debug_macro   0x0000000000001c1e       0x80 build/main_blinky.o
 .debug_macro   0x0000000000001c9e       0x58 build/main_blinky.o
 .debug_macro   0x0000000000001cf6       0x19 build/main_blinky.o
 .debug_macro   0x0000000000001d0f       0x34 build/main_blinky.o
 .debug_macro   0x0000000000001d43       0x34 build/main_blinky.o
 .debug_macro   0x0000000000001d77       0x16 build/main_blinky.o
 .debug_macro   0x0000000000001d8d       0x35 build/main_blinky.o
 .debug_macro   0x0000000000001dc2      0x341 build/main_blinky.o
 .debug_macro   0x0000000000002103       0x10 build/main_blinky.o
 .debug_macro   0x0000000000002113       0x16 build/main_blinky.o
 .debug_macro   0x0000000000002129       0x43 build/main_blinky.o
 .debug_macro   0x000000000000216c       0x34 build/main_blinky.o
 .debug_macro   0x00000000000021a0       0x10 build/main_blinky.o
 .debug_macro   0x00000000000021b0       0x52 build/main_blinky.o
 .debug_macro   0x0000000000002202      0x182 build/main_blinky.o
 .debug_macro   0x0000000000002384       0x10 build/main_blinky.o
 .debug_macro   0x0000000000002394       0x1c build/main_blinky.o
 .debug_macro   0x00000000000023b0       0x52 build/main_blinky.o
 .debug_macro   0x0000000000002402       0x22 build/main_blinky.o
 .debug_macro   0x0000000000002424       0x10 build/main_blinky.o
 .debug_macro   0x0000000000002434       0x52 build/main_blinky.o
 .debug_macro   0x0000000000002486       0xd5 build/main_blinky.o
 .debug_macro   0x000000000000255b       0x1c build/main_blinky.o
 .debug_macro   0x0000000000002577       0x3d build/main_blinky.o
 .debug_macro   0x00000000000025b4       0x16 build/main_blinky.o
 .debug_macro   0x00000000000025ca      0x16f build/main_blinky.o
 .debug_macro   0x0000000000002739      0x200 build/riscv-briey.o
 .debug_macro   0x0000000000002939       0x10 build/riscv-briey.o
 .debug_macro   0x0000000000002949       0xa8 build/Vex_libs/uart.o
 .debug_macro   0x00000000000029f1       0x6d build/Vex_libs/timer.o
 .debug_macro   0x0000000000002a5e       0xa8 build/Vex_libs/interrupt.o
 .debug_macro   0x0000000000002b06       0x6d build/Vex_libs/prescaler.o
 .debug_macro   0x0000000000002b73      0x1a7 build//home/aaron/FreeRTOS-Briey-cs-latency/FreeRTOS/Source/list.o
 .debug_macro   0x0000000000002d1a      0x23f build//home/aaron/FreeRTOS-Briey-cs-latency/FreeRTOS/Source/queue.o
 .debug_macro   0x0000000000002f59       0x16 build//home/aaron/FreeRTOS-Briey-cs-latency/FreeRTOS/Source/queue.o
 .debug_macro   0x0000000000002f6f      0x28e build//home/aaron/FreeRTOS-Briey-cs-latency/FreeRTOS/Source/tasks.o
 .debug_macro   0x00000000000031fd       0x16 build//home/aaron/FreeRTOS-Briey-cs-latency/FreeRTOS/Source/tasks.o
 .debug_macro   0x0000000000003213      0x1f6 build//home/aaron/FreeRTOS-Briey-cs-latency/FreeRTOS/Source/timers.o
 .debug_macro   0x0000000000003409       0x97 build//home/aaron/FreeRTOS-Briey-cs-latency/FreeRTOS/Source/timers.o
 .debug_macro   0x00000000000034a0      0x229 build//home/aaron/FreeRTOS-Briey-cs-latency/FreeRTOS/Source/portable/MemMang/heap_4.o
 .debug_macro   0x00000000000036c9      0x1c9 build//home/aaron/FreeRTOS-Briey-cs-latency/FreeRTOS/Source/portable/GCC/RISC-V/port.o

.debug_line     0x0000000000000000    0x12c7a
 .debug_line    0x0000000000000000      0x252 build/main.o
 .debug_line    0x0000000000000252      0x35a build/main_blinky.o
 .debug_line    0x00000000000005ac      0x306 build/riscv-briey.o
 .debug_line    0x00000000000008b2      0x1c3 build/Vex_libs/uart.o
 .debug_line    0x0000000000000a75       0xad build/Vex_libs/timer.o
 .debug_line    0x0000000000000b22       0xc6 build/Vex_libs/interrupt.o
 .debug_line    0x0000000000000be8       0x8a build/Vex_libs/prescaler.o
 .debug_line    0x0000000000000c72      0x48d build//home/aaron/FreeRTOS-Briey-cs-latency/FreeRTOS/Source/list.o
 .debug_line    0x00000000000010ff     0x2f68 build//home/aaron/FreeRTOS-Briey-cs-latency/FreeRTOS/Source/queue.o
 .debug_line    0x0000000000004067     0x4b48 build//home/aaron/FreeRTOS-Briey-cs-latency/FreeRTOS/Source/tasks.o
 .debug_line    0x0000000000008baf     0x1446 build//home/aaron/FreeRTOS-Briey-cs-latency/FreeRTOS/Source/timers.o
 .debug_line    0x0000000000009ff5      0xc66 build//home/aaron/FreeRTOS-Briey-cs-latency/FreeRTOS/Source/portable/MemMang/heap_4.o
 .debug_line    0x000000000000ac5b      0x29b build//home/aaron/FreeRTOS-Briey-cs-latency/FreeRTOS/Source/portable/GCC/RISC-V/port.o
 .debug_line    0x000000000000aef6      0x154 build/start.o
 .debug_line    0x000000000000b04a      0x2e7 build//home/aaron/FreeRTOS-Briey-cs-latency/FreeRTOS/Source/portable/GCC/RISC-V/portASM.o
 .debug_line    0x000000000000b331       0xcb /opt/riscv/lib/gcc/riscv64-unknown-elf/12.2.0/rv32imac/ilp32/libgcc.a(_clzsi2.o)
 .debug_line    0x000000000000b3fc       0x3f /opt/riscv/lib/gcc/riscv64-unknown-elf/12.2.0/rv32imac/ilp32/libgcc.a(_clz.o)
 .debug_line    0x000000000000b43b      0xe0b /opt/riscv/lib/gcc/riscv64-unknown-elf/12.2.0/rv32imac/ilp32/libgcc.a(muldf3.o)
 .debug_line    0x000000000000c246      0x263 /opt/riscv/lib/gcc/riscv64-unknown-elf/12.2.0/rv32imac/ilp32/libgcc.a(eqtf2.o)
 .debug_line    0x000000000000c4a9      0x3ac /opt/riscv/lib/gcc/riscv64-unknown-elf/12.2.0/rv32imac/ilp32/libgcc.a(getf2.o)
 .debug_line    0x000000000000c855      0x3ac /opt/riscv/lib/gcc/riscv64-unknown-elf/12.2.0/rv32imac/ilp32/libgcc.a(letf2.o)
 .debug_line    0x000000000000cc01     0x231a /opt/riscv/lib/gcc/riscv64-unknown-elf/12.2.0/rv32imac/ilp32/libgcc.a(multf3.o)
 .debug_line    0x000000000000ef1b     0x2c89 /opt/riscv/lib/gcc/riscv64-unknown-elf/12.2.0/rv32imac/ilp32/libgcc.a(subtf3.o)
 .debug_line    0x0000000000011ba4      0x2d6 /opt/riscv/lib/gcc/riscv64-unknown-elf/12.2.0/rv32imac/ilp32/libgcc.a(fixtfsi.o)
 .debug_line    0x0000000000011e7a      0x2d7 /opt/riscv/lib/gcc/riscv64-unknown-elf/12.2.0/rv32imac/ilp32/libgcc.a(floatsitf.o)
 .debug_line    0x0000000000012151      0x50c /opt/riscv/lib/gcc/riscv64-unknown-elf/12.2.0/rv32imac/ilp32/libgcc.a(extenddftf2.o)
 .debug_line    0x000000000001265d      0x61d /opt/riscv/lib/gcc/riscv64-unknown-elf/12.2.0/rv32imac/ilp32/libgcc.a(trunctfdf2.o)

.debug_str      0x0000000000000000    0x108d6
 .debug_str     0x0000000000000000     0x8918 build/main.o
                                       0x8b0f (size before relaxing)
 .debug_str     0x0000000000008918     0x401c build/main_blinky.o
                                       0xc7da (size before relaxing)
 .debug_str     0x000000000000c934       0xf5 build/riscv-briey.o
                                       0xb1a5 (size before relaxing)
 .debug_str     0x000000000000ca29       0x36 build/Vex_libs/uart.o
                                       0x3813 (size before relaxing)
 .debug_str     0x000000000000ca5f     0x350b build/Vex_libs/timer.o
 .debug_str     0x000000000000ca5f     0x3777 build/Vex_libs/interrupt.o
 .debug_str     0x000000000000ca5f     0x3504 build/Vex_libs/prescaler.o
 .debug_str     0x000000000000ca5f      0x235 build//home/aaron/FreeRTOS-Briey-cs-latency/FreeRTOS/Source/list.o
                                       0x9dbc (size before relaxing)
 .debug_str     0x000000000000cc94      0xb93 build//home/aaron/FreeRTOS-Briey-cs-latency/FreeRTOS/Source/queue.o
                                       0xc3f7 (size before relaxing)
 .debug_str     0x000000000000d827     0x1ad8 build//home/aaron/FreeRTOS-Briey-cs-latency/FreeRTOS/Source/tasks.o
                                       0xceaa (size before relaxing)
 .debug_str     0x000000000000f2ff      0x5a5 build//home/aaron/FreeRTOS-Briey-cs-latency/FreeRTOS/Source/timers.o
                                       0xc6a7 (size before relaxing)
 .debug_str     0x000000000000f8a4      0x5a6 build//home/aaron/FreeRTOS-Briey-cs-latency/FreeRTOS/Source/portable/MemMang/heap_4.o
                                       0xb5ad (size before relaxing)
 .debug_str     0x000000000000fe4a      0x158 build//home/aaron/FreeRTOS-Briey-cs-latency/FreeRTOS/Source/portable/GCC/RISC-V/port.o
                                       0xafeb (size before relaxing)
 .debug_str     0x000000000000ffa2       0x62 build/start.o
 .debug_str     0x0000000000010004       0x54 build//home/aaron/FreeRTOS-Briey-cs-latency/FreeRTOS/Source/portable/GCC/RISC-V/portASM.o
                                         0xae (size before relaxing)
 .debug_str     0x0000000000010058      0x102 /opt/riscv/lib/gcc/riscv64-unknown-elf/12.2.0/rv32imac/ilp32/libgcc.a(_clzsi2.o)
                                        0x1b4 (size before relaxing)
 .debug_str     0x000000000001015a      0x197 /opt/riscv/lib/gcc/riscv64-unknown-elf/12.2.0/rv32imac/ilp32/libgcc.a(_clz.o)
 .debug_str     0x000000000001015a      0x27d /opt/riscv/lib/gcc/riscv64-unknown-elf/12.2.0/rv32imac/ilp32/libgcc.a(muldf3.o)
                                        0x3be (size before relaxing)
 .debug_str     0x00000000000103d7       0x5b /opt/riscv/lib/gcc/riscv64-unknown-elf/12.2.0/rv32imac/ilp32/libgcc.a(eqtf2.o)
                                        0x1b3 (size before relaxing)
 .debug_str     0x0000000000010432       0x2c /opt/riscv/lib/gcc/riscv64-unknown-elf/12.2.0/rv32imac/ilp32/libgcc.a(getf2.o)
                                        0x1d7 (size before relaxing)
 .debug_str     0x000000000001045e        0x8 /opt/riscv/lib/gcc/riscv64-unknown-elf/12.2.0/rv32imac/ilp32/libgcc.a(letf2.o)
                                        0x1d7 (size before relaxing)
 .debug_str     0x0000000000010466      0x268 /opt/riscv/lib/gcc/riscv64-unknown-elf/12.2.0/rv32imac/ilp32/libgcc.a(multf3.o)
                                        0x545 (size before relaxing)
 .debug_str     0x00000000000106ce      0x15e /opt/riscv/lib/gcc/riscv64-unknown-elf/12.2.0/rv32imac/ilp32/libgcc.a(subtf3.o)
                                        0x43e (size before relaxing)
 .debug_str     0x000000000001082c       0x1d /opt/riscv/lib/gcc/riscv64-unknown-elf/12.2.0/rv32imac/ilp32/libgcc.a(fixtfsi.o)
                                        0x219 (size before relaxing)
 .debug_str     0x0000000000010849       0x39 /opt/riscv/lib/gcc/riscv64-unknown-elf/12.2.0/rv32imac/ilp32/libgcc.a(floatsitf.o)
                                        0x2e7 (size before relaxing)
 .debug_str     0x0000000000010882       0x1b /opt/riscv/lib/gcc/riscv64-unknown-elf/12.2.0/rv32imac/ilp32/libgcc.a(extenddftf2.o)
                                        0x232 (size before relaxing)
 .debug_str     0x000000000001089d       0x39 /opt/riscv/lib/gcc/riscv64-unknown-elf/12.2.0/rv32imac/ilp32/libgcc.a(trunctfdf2.o)
                                        0x361 (size before relaxing)

.debug_line_str
                0x0000000000000000      0x9bb
 .debug_line_str
                0x0000000000000000      0x2ac build/main.o
                                        0x31a (size before relaxing)
 .debug_line_str
                0x00000000000002ac       0xad build/main_blinky.o
                                        0x3dd (size before relaxing)
 .debug_line_str
                0x0000000000000359       0x2b build/riscv-briey.o
                                        0x3af (size before relaxing)
 .debug_line_str
                0x0000000000000384       0x10 build/Vex_libs/uart.o
                                        0x202 (size before relaxing)
 .debug_line_str
                0x0000000000000394       0x11 build/Vex_libs/timer.o
                                        0x1d9 (size before relaxing)
 .debug_line_str
                0x00000000000003a5       0x15 build/Vex_libs/interrupt.o
                                        0x211 (size before relaxing)
 .debug_line_str
                0x00000000000003ba       0x15 build/Vex_libs/prescaler.o
                                        0x1e9 (size before relaxing)
 .debug_line_str
                0x00000000000003cf       0x85 build//home/aaron/FreeRTOS-Briey-cs-latency/FreeRTOS/Source/list.o
                                        0x3a9 (size before relaxing)
 .debug_line_str
                0x0000000000000454       0x49 build//home/aaron/FreeRTOS-Briey-cs-latency/FreeRTOS/Source/queue.o
                                        0x3ec (size before relaxing)
 .debug_line_str
                0x000000000000049d       0x56 build//home/aaron/FreeRTOS-Briey-cs-latency/FreeRTOS/Source/tasks.o
                                        0x3fc (size before relaxing)
 .debug_line_str
                0x00000000000004f3       0x3f build//home/aaron/FreeRTOS-Briey-cs-latency/FreeRTOS/Source/timers.o
                                        0x3c7 (size before relaxing)
 .debug_line_str
                0x0000000000000532       0x97 build//home/aaron/FreeRTOS-Briey-cs-latency/FreeRTOS/Source/portable/MemMang/heap_4.o
                                        0x409 (size before relaxing)
 .debug_line_str
                0x00000000000005c9       0x51 build//home/aaron/FreeRTOS-Briey-cs-latency/FreeRTOS/Source/portable/GCC/RISC-V/port.o
                                        0x399 (size before relaxing)
 .debug_line_str
                0x000000000000061a        0x8 build/start.o
                                         0x56 (size before relaxing)
 .debug_line_str
                0x0000000000000622        0xa build//home/aaron/FreeRTOS-Briey-cs-latency/FreeRTOS/Source/portable/GCC/RISC-V/portASM.o
                                         0xa2 (size before relaxing)
 .debug_line_str
                0x000000000000062c       0xd2 /opt/riscv/lib/gcc/riscv64-unknown-elf/12.2.0/rv32imac/ilp32/libgcc.a(_clzsi2.o)
                                        0x14e (size before relaxing)
 .debug_line_str
                0x00000000000006fe      0x14e /opt/riscv/lib/gcc/riscv64-unknown-elf/12.2.0/rv32imac/ilp32/libgcc.a(_clz.o)
 .debug_line_str
                0x00000000000006fe       0x82 /opt/riscv/lib/gcc/riscv64-unknown-elf/12.2.0/rv32imac/ilp32/libgcc.a(muldf3.o)
                                        0x164 (size before relaxing)
 .debug_line_str
                0x0000000000000780       0x50 /opt/riscv/lib/gcc/riscv64-unknown-elf/12.2.0/rv32imac/ilp32/libgcc.a(eqtf2.o)
                                        0x165 (size before relaxing)
 .debug_line_str
                0x00000000000007d0       0x3b /opt/riscv/lib/gcc/riscv64-unknown-elf/12.2.0/rv32imac/ilp32/libgcc.a(getf2.o)
                                        0x165 (size before relaxing)
 .debug_line_str
                0x000000000000080b       0x3b /opt/riscv/lib/gcc/riscv64-unknown-elf/12.2.0/rv32imac/ilp32/libgcc.a(letf2.o)
                                        0x165 (size before relaxing)
 .debug_line_str
                0x0000000000000846       0x3c /opt/riscv/lib/gcc/riscv64-unknown-elf/12.2.0/rv32imac/ilp32/libgcc.a(multf3.o)
                                        0x162 (size before relaxing)
 .debug_line_str
                0x0000000000000882       0x3c /opt/riscv/lib/gcc/riscv64-unknown-elf/12.2.0/rv32imac/ilp32/libgcc.a(subtf3.o)
                                        0x163 (size before relaxing)
 .debug_line_str
                0x00000000000008be       0x3d /opt/riscv/lib/gcc/riscv64-unknown-elf/12.2.0/rv32imac/ilp32/libgcc.a(fixtfsi.o)
                                        0x165 (size before relaxing)
 .debug_line_str
                0x00000000000008fb       0x3f /opt/riscv/lib/gcc/riscv64-unknown-elf/12.2.0/rv32imac/ilp32/libgcc.a(floatsitf.o)
                                        0x16b (size before relaxing)
 .debug_line_str
                0x000000000000093a       0x41 /opt/riscv/lib/gcc/riscv64-unknown-elf/12.2.0/rv32imac/ilp32/libgcc.a(extenddftf2.o)
                                        0x170 (size before relaxing)
 .debug_line_str
                0x000000000000097b       0x40 /opt/riscv/lib/gcc/riscv64-unknown-elf/12.2.0/rv32imac/ilp32/libgcc.a(trunctfdf2.o)
                                        0x16d (size before relaxing)

.comment        0x0000000000000000       0x21
 .comment       0x0000000000000000        0xf build/main.o
                                         0x10 (size before relaxing)
 .comment       0x000000000000000f       0x10 build/main_blinky.o
 .comment       0x000000000000000f       0x10 build/riscv-briey.o
 .comment       0x000000000000000f       0x10 build/Vex_libs/uart.o
 .comment       0x000000000000000f       0x10 build/Vex_libs/timer.o
 .comment       0x000000000000000f       0x10 build/Vex_libs/interrupt.o
 .comment       0x000000000000000f       0x10 build/Vex_libs/prescaler.o
 .comment       0x000000000000000f       0x10 build//home/aaron/FreeRTOS-Briey-cs-latency/FreeRTOS/Source/list.o
 .comment       0x000000000000000f       0x10 build//home/aaron/FreeRTOS-Briey-cs-latency/FreeRTOS/Source/queue.o
 .comment       0x000000000000000f       0x10 build//home/aaron/FreeRTOS-Briey-cs-latency/FreeRTOS/Source/tasks.o
 .comment       0x000000000000000f       0x10 build//home/aaron/FreeRTOS-Briey-cs-latency/FreeRTOS/Source/timers.o
 .comment       0x000000000000000f       0x10 build//home/aaron/FreeRTOS-Briey-cs-latency/FreeRTOS/Source/portable/MemMang/heap_4.o
 .comment       0x000000000000000f       0x10 build//home/aaron/FreeRTOS-Briey-cs-latency/FreeRTOS/Source/portable/GCC/RISC-V/port.o
 .comment       0x000000000000000f       0x10 /opt/riscv/lib/gcc/riscv64-unknown-elf/12.2.0/rv32imac/ilp32/libgcc.a(_clzsi2.o)
 .comment       0x000000000000000f       0x10 /opt/riscv/lib/gcc/riscv64-unknown-elf/12.2.0/rv32imac/ilp32/libgcc.a(_clz.o)
 .comment       0x000000000000000f       0x12 /opt/riscv/lib/gcc/riscv64-unknown-elf/12.2.0/../../../../riscv64-unknown-elf/lib/rv32imac/ilp32/libc.a(lib_a-memcpy.o)
                                         0x13 (size before relaxing)
 .comment       0x0000000000000021       0x13 /opt/riscv/lib/gcc/riscv64-unknown-elf/12.2.0/../../../../riscv64-unknown-elf/lib/rv32imac/ilp32/libc.a(lib_a-sprintf.o)
 .comment       0x0000000000000021       0x13 /opt/riscv/lib/gcc/riscv64-unknown-elf/12.2.0/../../../../riscv64-unknown-elf/lib/rv32imac/ilp32/libc.a(lib_a-strlen.o)
 .comment       0x0000000000000021       0x13 /opt/riscv/lib/gcc/riscv64-unknown-elf/12.2.0/../../../../riscv64-unknown-elf/lib/rv32imac/ilp32/libc.a(lib_a-svfprintf.o)
 .comment       0x0000000000000021       0x13 /opt/riscv/lib/gcc/riscv64-unknown-elf/12.2.0/../../../../riscv64-unknown-elf/lib/rv32imac/ilp32/libc.a(lib_a-freer.o)
 .comment       0x0000000000000021       0x13 /opt/riscv/lib/gcc/riscv64-unknown-elf/12.2.0/../../../../riscv64-unknown-elf/lib/rv32imac/ilp32/libc.a(lib_a-impure.o)
 .comment       0x0000000000000021       0x13 /opt/riscv/lib/gcc/riscv64-unknown-elf/12.2.0/../../../../riscv64-unknown-elf/lib/rv32imac/ilp32/libc.a(lib_a-ldtoa.o)
 .comment       0x0000000000000021       0x13 /opt/riscv/lib/gcc/riscv64-unknown-elf/12.2.0/../../../../riscv64-unknown-elf/lib/rv32imac/ilp32/libc.a(lib_a-localeconv.o)
 .comment       0x0000000000000021       0x13 /opt/riscv/lib/gcc/riscv64-unknown-elf/12.2.0/../../../../riscv64-unknown-elf/lib/rv32imac/ilp32/libc.a(lib_a-locale.o)
 .comment       0x0000000000000021       0x13 /opt/riscv/lib/gcc/riscv64-unknown-elf/12.2.0/../../../../riscv64-unknown-elf/lib/rv32imac/ilp32/libc.a(lib_a-mallocr.o)
 .comment       0x0000000000000021       0x13 /opt/riscv/lib/gcc/riscv64-unknown-elf/12.2.0/../../../../riscv64-unknown-elf/lib/rv32imac/ilp32/libc.a(lib_a-mbtowc_r.o)
 .comment       0x0000000000000021       0x13 /opt/riscv/lib/gcc/riscv64-unknown-elf/12.2.0/../../../../riscv64-unknown-elf/lib/rv32imac/ilp32/libc.a(lib_a-memchr.o)
 .comment       0x0000000000000021       0x13 /opt/riscv/lib/gcc/riscv64-unknown-elf/12.2.0/../../../../riscv64-unknown-elf/lib/rv32imac/ilp32/libc.a(lib_a-mlock.o)
 .comment       0x0000000000000021       0x13 /opt/riscv/lib/gcc/riscv64-unknown-elf/12.2.0/../../../../riscv64-unknown-elf/lib/rv32imac/ilp32/libc.a(lib_a-mprec.o)
 .comment       0x0000000000000021       0x13 /opt/riscv/lib/gcc/riscv64-unknown-elf/12.2.0/../../../../riscv64-unknown-elf/lib/rv32imac/ilp32/libc.a(lib_a-sbrkr.o)
 .comment       0x0000000000000021       0x13 /opt/riscv/lib/gcc/riscv64-unknown-elf/12.2.0/../../../../riscv64-unknown-elf/lib/rv32imac/ilp32/libc.a(lib_a-s_frexp.o)
 .comment       0x0000000000000021       0x13 /opt/riscv/lib/gcc/riscv64-unknown-elf/12.2.0/../../../../riscv64-unknown-elf/lib/rv32imac/ilp32/libc.a(lib_a-strcpy.o)
 .comment       0x0000000000000021       0x13 /opt/riscv/lib/gcc/riscv64-unknown-elf/12.2.0/../../../../riscv64-unknown-elf/lib/rv32imac/ilp32/libc.a(lib_a-strncpy.o)
 .comment       0x0000000000000021       0x13 /opt/riscv/lib/gcc/riscv64-unknown-elf/12.2.0/../../../../riscv64-unknown-elf/lib/rv32imac/ilp32/libc.a(lib_a-svfiprintf.o)
 .comment       0x0000000000000021       0x13 /opt/riscv/lib/gcc/riscv64-unknown-elf/12.2.0/../../../../riscv64-unknown-elf/lib/rv32imac/ilp32/libc.a(lib_a-wctomb_r.o)
 .comment       0x0000000000000021       0x13 /opt/riscv/lib/gcc/riscv64-unknown-elf/12.2.0/../../../../riscv64-unknown-elf/lib/rv32imac/ilp32/libc.a(lib_a-assert.o)
 .comment       0x0000000000000021       0x13 /opt/riscv/lib/gcc/riscv64-unknown-elf/12.2.0/../../../../riscv64-unknown-elf/lib/rv32imac/ilp32/libc.a(lib_a-callocr.o)
 .comment       0x0000000000000021       0x13 /opt/riscv/lib/gcc/riscv64-unknown-elf/12.2.0/../../../../riscv64-unknown-elf/lib/rv32imac/ilp32/libc.a(lib_a-ctype_.o)
 .comment       0x0000000000000021       0x13 /opt/riscv/lib/gcc/riscv64-unknown-elf/12.2.0/../../../../riscv64-unknown-elf/lib/rv32imac/ilp32/libc.a(lib_a-errno.o)
 .comment       0x0000000000000021       0x13 /opt/riscv/lib/gcc/riscv64-unknown-elf/12.2.0/../../../../riscv64-unknown-elf/lib/rv32imac/ilp32/libc.a(lib_a-fiprintf.o)
 .comment       0x0000000000000021       0x13 /opt/riscv/lib/gcc/riscv64-unknown-elf/12.2.0/../../../../riscv64-unknown-elf/lib/rv32imac/ilp32/libc.a(lib_a-memmove-stub.o)
 .comment       0x0000000000000021       0x13 /opt/riscv/lib/gcc/riscv64-unknown-elf/12.2.0/../../../../riscv64-unknown-elf/lib/rv32imac/ilp32/libc.a(lib_a-reallocr.o)
 .comment       0x0000000000000021       0x13 /opt/riscv/lib/gcc/riscv64-unknown-elf/12.2.0/../../../../riscv64-unknown-elf/lib/rv32imac/ilp32/libc.a(lib_a-reent.o)
 .comment       0x0000000000000021       0x13 /opt/riscv/lib/gcc/riscv64-unknown-elf/12.2.0/../../../../riscv64-unknown-elf/lib/rv32imac/ilp32/libc.a(lib_a-vfiprintf.o)
 .comment       0x0000000000000021       0x13 /opt/riscv/lib/gcc/riscv64-unknown-elf/12.2.0/../../../../riscv64-unknown-elf/lib/rv32imac/ilp32/libc.a(lib_a-wsetup.o)
 .comment       0x0000000000000021       0x13 /opt/riscv/lib/gcc/riscv64-unknown-elf/12.2.0/../../../../riscv64-unknown-elf/lib/rv32imac/ilp32/libc.a(lib_a-abort.o)
 .comment       0x0000000000000021       0x13 /opt/riscv/lib/gcc/riscv64-unknown-elf/12.2.0/../../../../riscv64-unknown-elf/lib/rv32imac/ilp32/libc.a(lib_a-fflush.o)
 .comment       0x0000000000000021       0x13 /opt/riscv/lib/gcc/riscv64-unknown-elf/12.2.0/../../../../riscv64-unknown-elf/lib/rv32imac/ilp32/libc.a(lib_a-findfp.o)
 .comment       0x0000000000000021       0x13 /opt/riscv/lib/gcc/riscv64-unknown-elf/12.2.0/../../../../riscv64-unknown-elf/lib/rv32imac/ilp32/libc.a(lib_a-fputwc.o)
 .comment       0x0000000000000021       0x13 /opt/riscv/lib/gcc/riscv64-unknown-elf/12.2.0/../../../../riscv64-unknown-elf/lib/rv32imac/ilp32/libc.a(lib_a-fvwrite.o)
 .comment       0x0000000000000021       0x13 /opt/riscv/lib/gcc/riscv64-unknown-elf/12.2.0/../../../../riscv64-unknown-elf/lib/rv32imac/ilp32/libc.a(lib_a-fwalk.o)
 .comment       0x0000000000000021       0x13 /opt/riscv/lib/gcc/riscv64-unknown-elf/12.2.0/../../../../riscv64-unknown-elf/lib/rv32imac/ilp32/libc.a(lib_a-makebuf.o)
 .comment       0x0000000000000021       0x13 /opt/riscv/lib/gcc/riscv64-unknown-elf/12.2.0/../../../../riscv64-unknown-elf/lib/rv32imac/ilp32/libc.a(lib_a-signal.o)
 .comment       0x0000000000000021       0x13 /opt/riscv/lib/gcc/riscv64-unknown-elf/12.2.0/../../../../riscv64-unknown-elf/lib/rv32imac/ilp32/libc.a(lib_a-signalr.o)
 .comment       0x0000000000000021       0x13 /opt/riscv/lib/gcc/riscv64-unknown-elf/12.2.0/../../../../riscv64-unknown-elf/lib/rv32imac/ilp32/libc.a(lib_a-stdio.o)
 .comment       0x0000000000000021       0x13 /opt/riscv/lib/gcc/riscv64-unknown-elf/12.2.0/../../../../riscv64-unknown-elf/lib/rv32imac/ilp32/libc.a(lib_a-wbuf.o)
 .comment       0x0000000000000021       0x13 /opt/riscv/lib/gcc/riscv64-unknown-elf/12.2.0/../../../../riscv64-unknown-elf/lib/rv32imac/ilp32/libc.a(lib_a-wcrtomb.o)
 .comment       0x0000000000000021       0x13 /opt/riscv/lib/gcc/riscv64-unknown-elf/12.2.0/../../../../riscv64-unknown-elf/lib/rv32imac/ilp32/libc.a(lib_a-writer.o)
 .comment       0x0000000000000021       0x13 /opt/riscv/lib/gcc/riscv64-unknown-elf/12.2.0/../../../../riscv64-unknown-elf/lib/rv32imac/ilp32/libc.a(lib_a-closer.o)